Component: ARM Compiler 5.06 update 7 (build 960) Tool: armlink [4d3601]

==============================================================================

Section Cross References

    startup_stm32f103xb.o(STACK) refers (Special) to heapauxi.o(.text) for __use_two_region_memory
    startup_stm32f103xb.o(HEAP) refers (Special) to heapauxi.o(.text) for __use_two_region_memory
    startup_stm32f103xb.o(RESET) refers (Special) to heapauxi.o(.text) for __use_two_region_memory
    startup_stm32f103xb.o(RESET) refers to startup_stm32f103xb.o(STACK) for __initial_sp
    startup_stm32f103xb.o(RESET) refers to startup_stm32f103xb.o(.text) for Reset_Handler
    startup_stm32f103xb.o(RESET) refers to stm32f1xx_it.o(i.NMI_Handler) for NMI_Handler
    startup_stm32f103xb.o(RESET) refers to stm32f1xx_it.o(i.HardFault_Handler) for HardFault_Handler
    startup_stm32f103xb.o(RESET) refers to stm32f1xx_it.o(i.MemManage_Handler) for MemManage_Handler
    startup_stm32f103xb.o(RESET) refers to stm32f1xx_it.o(i.BusFault_Handler) for BusFault_Handler
    startup_stm32f103xb.o(RESET) refers to stm32f1xx_it.o(i.UsageFault_Handler) for UsageFault_Handler
    startup_stm32f103xb.o(RESET) refers to stm32f1xx_it.o(i.SVC_Handler) for SVC_Handler
    startup_stm32f103xb.o(RESET) refers to stm32f1xx_it.o(i.DebugMon_Handler) for DebugMon_Handler
    startup_stm32f103xb.o(RESET) refers to stm32f1xx_it.o(i.PendSV_Handler) for PendSV_Handler
    startup_stm32f103xb.o(RESET) refers to stm32f1xx_it.o(i.SysTick_Handler) for SysTick_Handler
    startup_stm32f103xb.o(RESET) refers to usart.o(i.USART1_IRQHandler) for USART1_IRQHandler
    startup_stm32f103xb.o(RESET) refers to esp8266.o(i.USART2_IRQHandler) for USART2_IRQHandler
    startup_stm32f103xb.o(.text) refers (Special) to heapauxi.o(.text) for __use_two_region_memory
    startup_stm32f103xb.o(.text) refers to system_stm32f1xx.o(i.SystemInit) for SystemInit
    startup_stm32f103xb.o(.text) refers to __main.o(!!!main) for __main
    startup_stm32f103xb.o(.text) refers to startup_stm32f103xb.o(HEAP) for Heap_Mem
    startup_stm32f103xb.o(.text) refers to startup_stm32f103xb.o(STACK) for Stack_Mem
    stm32f1xx_it.o(i.SysTick_Handler) refers to stm32f1xx_hal.o(i.HAL_IncTick) for HAL_IncTick
    system_stm32f1xx.o(i.SystemCoreClockUpdate) refers to system_stm32f1xx.o(.data) for .data
    system_stm32f1xx.o(i.SystemCoreClockUpdate) refers to system_stm32f1xx.o(.constdata) for .constdata
    main.o(i.LCD_ShowBootStatus) refers to lcd.o(i.Lcd_Clear) for Lcd_Clear
    main.o(i.LCD_ShowBootStatus) refers to lcd.o(i.LCD_ShowString) for LCD_ShowString
    main.o(i.MQTT_PollForMs) refers to main.o(i.MQTT_ProcessIncoming) for MQTT_ProcessIncoming
    main.o(i.MQTT_PollForMs) refers to delay.o(i.delay_ms) for delay_ms
    main.o(i.MQTT_ProcessIncoming) refers to esp8266.o(i.esp8266_wait_receive) for esp8266_wait_receive
    main.o(i.MQTT_ProcessIncoming) refers to rt_memclr.o(.text) for __aeabi_memclr
    main.o(i.MQTT_ProcessIncoming) refers to esp8266.o(i.esp8266_copy_rxdata) for esp8266_copy_rxdata
    main.o(i.MQTT_ProcessIncoming) refers to onenet.o(i.mqtt_receive_handle) for mqtt_receive_handle
    main.o(i.MQTT_ProcessIncoming) refers to plantsystem.o(i.PlantSystem_HandleCloudPayload) for PlantSystem_HandleCloudPayload
    main.o(i.MQTT_ProcessIncoming) refers to main.o(.bss) for .bss
    main.o(i.MQTT_PublishPlantData) refers to _printf_percent.o(.ARM.Collect$$_printf_percent$$00000000) for _printf_percent
    main.o(i.MQTT_PublishPlantData) refers to _printf_d.o(.ARM.Collect$$_printf_percent$$00000009) for _printf_d
    main.o(i.MQTT_PublishPlantData) refers to _printf_u.o(.ARM.Collect$$_printf_percent$$0000000A) for _printf_u
    main.o(i.MQTT_PublishPlantData) refers to _printf_s.o(.ARM.Collect$$_printf_percent$$00000014) for _printf_s
    main.o(i.MQTT_PublishPlantData) refers to _printf_dec.o(.text) for _printf_int_dec
    main.o(i.MQTT_PublishPlantData) refers to _printf_str.o(.text) for _printf_str
    main.o(i.MQTT_PublishPlantData) refers to rt_memclr.o(.text) for __aeabi_memclr
    main.o(i.MQTT_PublishPlantData) refers to plantsystem.o(i.PlantSystem_GetLedState) for PlantSystem_GetLedState
    main.o(i.MQTT_PublishPlantData) refers to plantsystem.o(i.PlantSystem_GetBumpState) for PlantSystem_GetBumpState
    main.o(i.MQTT_PublishPlantData) refers to plantsystem.o(i.PlantSystem_GetFanState) for PlantSystem_GetFanState
    main.o(i.MQTT_PublishPlantData) refers to plantsystem.o(i.PlantSystem_IsAutoMode) for PlantSystem_IsAutoMode
    main.o(i.MQTT_PublishPlantData) refers to plantsystem.o(i.PlantSystem_GetLightIntensity) for PlantSystem_GetLightIntensity
    main.o(i.MQTT_PublishPlantData) refers to plantsystem.o(i.PlantSystem_GetSoilHumidity) for PlantSystem_GetSoilHumidity
    main.o(i.MQTT_PublishPlantData) refers to __2snprintf.o(.text) for __2snprintf
    main.o(i.MQTT_PublishPlantData) refers to onenet.o(i.mqtt_publish_data) for mqtt_publish_data
[...]
    .data                                    0x20000011   Section        1  key.o(.data)
    key_last                                 0x20000011   Data           1  key.o(.data)
    .data                                    0x20000014   Section       20  plantsystem.o(.data)
    remote_control_mode                      0x20000014   Data           1  plantsystem.o(.data)
    flag_S2                                  0x20000015   Data           1  plantsystem.o(.data)
    flag_S3                                  0x20000016   Data           1  plantsystem.o(.data)
    flag_S4                                  0x20000017   Data           1  plantsystem.o(.data)
    temp_value                               0x20000018   Data           1  plantsystem.o(.data)
    humi_vlaue                               0x20000019   Data           1  plantsystem.o(.data)
    light_vlaue                              0x2000001a   Data           1  plantsystem.o(.data)
    count                                    0x2000001b   Data           1  plantsystem.o(.data)
    fan_statu                                0x2000001c   Data           1  plantsystem.o(.data)
    bump_statu                               0x2000001d   Data           1  plantsystem.o(.data)
    led_statu                                0x2000001e   Data           1  plantsystem.o(.data)
    last_dht11_tick                          0x20000024   Data           4  plantsystem.o(.data)
    .data                                    0x20000028   Section       16  onenet.o(.data)
    id                                       0x20000028   Data           2  onenet.o(.data)
    .data                                    0x20000038   Section        2  delay.o(.data)
    g_fac_us                                 0x20000038   Data           2  delay.o(.data)
    .data                                    0x2000003a   Section        4  usart.o(.data)
    .data                                    0x20000040   Section        4  usart.o(.data)
    .data                                    0x20000044   Section       12  stm32f1xx_hal.o(.data)
    .bss                                     0x20000050   Section     2052  main.o(.bss)
    mqtt_receive_buff                        0x20000050   Data         512  main.o(.bss)
    rx_data                                  0x20000250   Data        1028  main.o(.bss)
    data_send_buff                           0x20000654   Data         512  main.o(.bss)
    .bss                                     0x20000854   Section      648  esp8266.o(.bss)
    .bss                                     0x20000adc   Section       48  adc.o(.bss)
    .bss                                     0x20000b0c   Section     1424  onenet.o(.bss)
    .bss                                     0x2000109c   Section      272  usart.o(.bss)
    .bss                                     0x200011ac   Section       96  libspace.o(.bss)
    HEAP                                     0x20001210   Section      512  startup_stm32f103xb.o(HEAP)
    Heap_Mem                                 0x20001210   Data         512  startup_stm32f103xb.o(HEAP)
    STACK                                    0x20001410   Section     1024  startup_stm32f103xb.o(STACK)
    Stack_Mem                                0x20001410   Data        1024  startup_stm32f103xb.o(STACK)
    __initial_sp                             0x20001810   Data           0  startup_stm32f103xb.o(STACK)

    Global Symbols

    Symbol Name                              Value     Ov Type        Size  Object(Section)

    BuildAttributes$$THM_ISAv4$P$D$K$B$S$PE$A:L22UL41UL21$X:L11$S22US41US21$IEEE1$IW$USESV6$~STKCKD$USESV7$~SHL$OTIME$ROPI$IEEEX$EBA8$UX$STANDARDLIB$REQ8$PRES8$EABIv2 0x00000000   Number         0  anon$$obj.o ABSOLUTE
    __ARM_use_no_argv                        0x00000000   Number         0  main.o ABSOLUTE
    _printf_flags                            0x00000000   Number         0  printf_stubs.o ABSOLUTE
    _printf_return_value                     0x00000000   Number         0  printf_stubs.o ABSOLUTE
    _printf_sizespec                         0x00000000   Number         0  printf_stubs.o ABSOLUTE
    _printf_widthprec                        0x00000000   Number         0  printf_stubs.o ABSOLUTE
    __ARM_exceptions_init                     - Undefined Weak Reference
    __alloca_initialize                       - Undefined Weak Reference
    __arm_fini_                               - Undefined Weak Reference
    __arm_preinit_                            - Undefined Weak Reference
    __cpp_initialize__aeabi_                  - Undefined Weak Reference
    __cxa_finalize                            - Undefined Weak Reference
    __sigvec_lookup                           - Undefined Weak Reference
    _atexit_init                              - Undefined Weak Reference
    _call_atexit_fns                          - Undefined Weak Reference
    _clock_init                               - Undefined Weak Reference
    _fp_trap_init                             - Undefined Weak Reference
    _fp_trap_shutdown                         - Undefined Weak Reference
    _get_lc_collate                           - Undefined Weak Reference
    _get_lc_monetary                          - Undefined Weak Reference
    _get_lc_time                              - Undefined Weak Reference
    _getenv_init                              - Undefined Weak Reference
    _handle_redirection                       - Undefined Weak Reference
    _init_alloc                               - Undefined Weak Reference
    _init_user_alloc                          - Undefined Weak Reference
    _initio                                   - Undefined Weak Reference
    _mutex_acquire                            - Undefined Weak Reference
    _mutex_release                            - Undefined Weak Reference
    _printf_mbtowc                            - Undefined Weak Reference
    _printf_wc                                - Undefined Weak Reference
    _rand_init                                - Undefined Weak Reference
    _signal_finish                            - Undefined Weak Reference
    _signal_init                              - Undefined Weak Reference
    _terminate_alloc                          - Undefined Weak Reference
    _terminate_user_alloc                     - Undefined Weak Reference
    _terminateio                              - Undefined Weak Reference
    __Vectors_Size                           0x000000ec   Number         0  startup_stm32f103xb.o ABSOLUTE
    __Vectors                                0x08000000   Data           4  startup_stm32f103xb.o(RESET)
    __Vectors_End                            0x080000ec   Data           0  startup_stm32f103xb.o(RESET)
    __main                                   0x080000ed   Thumb Code     8  __main.o(!!!main)
    __scatterload                            0x080000f5   Thumb Code     0  __scatter.o(!!!scatter)
    __scatterload_rt2                        0x080000f5   Thumb Code    44  __scatter.o(!!!scatter)
    __scatterload_rt2_thumb_only             0x080000f5   Thumb Code     0  __scatter.o(!!!scatter)
    __scatterload_null                       0x08000103   Thumb Code     0  __scatter.o(!!!scatter)
    __scatterload_copy                       0x08000129   Thumb Code    26  __scatter_copy.o(!!handler_copy)
    __scatterload_zeroinit                   0x08000145   Thumb Code    28  __scatter_zi.o(!!handler_zi)
    _printf_d                                0x08000161   Thumb Code     0  _printf_d.o(.ARM.Collect$$_printf_percent$$00000009)
    _printf_percent                          0x08000161   Thumb Code     0  _printf_percent.o(.ARM.Collect$$_printf_percent$$00000000)
    _printf_u                                0x08000167   Thumb Code     0  _printf_u.o(.ARM.Collect$$_printf_percent$$0000000A)
    _printf_s                                0x0800016d   Thumb Code     0  _printf_s.o(.ARM.Collect$$_printf_percent$$00000014)
    _printf_percent_end                      0x08000173   Thumb Code     0  _printf_percent_end.o(.ARM.Collect$$_printf_percent$$00000017)
    __rt_lib_init                            0x08000177   Thumb Code     0  libinit.o(.ARM.Collect$$libinit$$00000000)
    __rt_lib_init_alloca_1                   0x08000179   Thumb Code     0  libinit2.o(.ARM.Collect$$libinit$$0000002E)
    __rt_lib_init_argv_1                     0x08000179   Thumb Code     0  libinit2.o(.ARM.Collect$$libinit$$0000002C)
    __rt_lib_init_atexit_1                   0x08000179   Thumb Code     0  libinit2.o(.ARM.Collect$$libinit$$0000001B)
    __rt_lib_init_clock_1                    0x08000179   Thumb Code     0  libinit2.o(.ARM.Collect$$libinit$$00000021)
    __rt_lib_init_cpp_1                      0x08000179   Thumb Code     0  libinit2.o(.ARM.Collect$$libinit$$00000032)
    __rt_lib_init_exceptions_1               0x08000179   Thumb Code     0  libinit2.o(.ARM.Collect$$libinit$$00000030)
    __rt_lib_init_fp_1                       0x08000179   Thumb Code     0  libinit2.o(.ARM.Collect$$libinit$$00000002)
    __rt_lib_init_fp_trap_1                  0x08000179   Thumb Code     0  libinit2.o(.ARM.Collect$$libinit$$0000001F)
    __rt_lib_init_getenv_1                   0x08000179   Thumb Code     0  libinit2.o(.ARM.Collect$$libinit$$00000023)
    __rt_lib_init_heap_1                     0x08000179   Thumb Code     0  libinit2.o(.ARM.Collect$$libinit$$0000000A)
    __rt_lib_init_lc_collate_1               0x08000179   Thumb Code     0  libinit2.o(.ARM.Collect$$libinit$$00000011)
    __rt_lib_init_lc_ctype_1                 0x08000179   Thumb Code     0  libinit2.o(.ARM.Collect$$libinit$$00000013)
    __rt_lib_init_lc_monetary_1              0x08000179   Thumb Code     0  libinit2.o(.ARM.Collect$$libinit$$00000015)
    __rt_lib_init_lc_numeric_1               0x08000179   Thumb Code     0  libinit2.o(.ARM.Collect$$libinit$$00000017)
    __rt_lib_init_lc_time_1                  0x08000179   Thumb Code     0  libinit2.o(.ARM.Collect$$libinit$$00000019)
    __rt_lib_init_preinit_1                  0x08000179   Thumb Code     0  libinit2.o(.ARM.Collect$$libinit$$00000004)
    __rt_lib_init_rand_1                     0x08000179   Thumb Code     0  libinit2.o(.ARM.Collect$$libinit$$0000000E)
    __rt_lib_init_return                     0x08000179   Thumb Code     0  libinit2.o(.ARM.Collect$$libinit$$00000033)
    __rt_lib_init_signal_1                   0x08000179   Thumb Code     0  libinit2.o(.ARM.Collect$$libinit$$0000001D)
    __rt_lib_init_stdio_1                    0x08000179   Thumb Code     0  libinit2.o(.ARM.Collect$$libinit$$00000025)
    __rt_lib_init_user_alloc_1               0x08000179   Thumb Code     0  libinit2.o(.ARM.Collect$$libinit$$0000000C)
    __rt_lib_shutdown                        0x0800017b   Thumb Code     0  libshutdown.o(.ARM.Collect$$libshutdown$$00000000)
    __rt_lib_shutdown_cpp_1                  0x0800017d   Thumb Code     0  libshutdown2.o(.ARM.Collect$$libshutdown$$00000004)
    __rt_lib_shutdown_fini_1                 0x0800017d   Thumb Code     0  libshutdown2.o(.ARM.Collect$$libshutdown$$00000002)
    __rt_lib_shutdown_fp_trap_1              0x0800017d   Thumb Code     0  libshutdown2.o(.ARM.Collect$$libshutdown$$00000009)
    __rt_lib_shutdown_heap_1                 0x0800017d   Thumb Code     0  libshutdown2.o(.ARM.Collect$$libshutdown$$00000011)
    __rt_lib_shutdown_return                 0x0800017d   Thumb Code     0  libshutdown2.o(.ARM.Collect$$libshutdown$$00000012)
    __rt_lib_shutdown_signal_1               0x0800017d   Thumb Code     0  libshutdown2.o(.ARM.Collect$$libshutdown$$0000000C)
    __rt_lib_shutdown_stdio_1                0x0800017d   Thumb Code     0  libshutdown2.o(.ARM.Collect$$libshutdown$$00000006)
    __rt_lib_shutdown_user_alloc_1           0x0800017d   Thumb Code     0  libshutdown2.o(.ARM.Collect$$libshutdown$$0000000E)
    __rt_entry                               0x0800017f   Thumb Code     0  __rtentry.o(.ARM.Collect$$rtentry$$00000000)
    __rt_entry_presh_1                       0x0800017f   Thumb Code     0  __rtentry2.o(.ARM.Collect$$rtentry$$00000002)
    __rt_entry_sh                            0x0800017f   Thumb Code     0  __rtentry4.o(.ARM.Collect$$rtentry$$00000004)
    __rt_entry_li                            0x08000185   Thumb Code     0  __rtentry2.o(.ARM.Collect$$rtentry$$0000000A)
    __rt_entry_postsh_1                      0x08000185   Thumb Code     0  __rtentry2.o(.ARM.Collect$$rtentry$$00000009)
    __rt_entry_main                          0x08000189   Thumb Code     0  __rtentry2.o(.ARM.Collect$$rtentry$$0000000D)
    __rt_entry_postli_1                      0x08000189   Thumb Code     0  __rtentry2.o(.ARM.Collect$$rtentry$$0000000C)
    __rt_exit                                0x08000191   Thumb Code     0  rtexit.o(.ARM.Collect$$rtexit$$00000000)
    __rt_exit_ls                             0x08000193   Thumb Code     0  rtexit2.o(.ARM.Collect$$rtexit$$00000003)
    __rt_exit_prels_1                        0x08000193   Thumb Code     0  rtexit2.o(.ARM.Collect$$rtexit$$00000002)
    __rt_exit_exit                           0x08000197   Thumb Code     0  rtexit2.o(.ARM.Collect$$rtexit$$00000004)
    Reset_Handler                            0x0800019d   Thumb Code     8  startup_stm32f103xb.o(.text)
    ADC1_2_IRQHandler                        0x080001b7   Thumb Code     0  startup_stm32f103xb.o(.text)
    CAN1_RX1_IRQHandler                      0x080001b7   Thumb Code     0  startup_stm32f103xb.o(.text)
    CAN1_SCE_IRQHandler                      0x080001b7   Thumb Code     0  startup_stm32f103xb.o(.text)
    DMA1_Channel1_IRQHandler                 0x080001b7   Thumb Code     0  startup_stm32f103xb.o(.text)
    DMA1_Channel2_IRQHandler                 0x080001b7   Thumb Code     0  startup_stm32f103xb.o(.text)
    DMA1_Channel3_IRQHandler                 0x080001b7   Thumb Code     0  startup_stm32f103xb.o(.text)
    DMA1_Channel4_IRQHandler                 0x080001b7   Thumb Code     0  startup_stm32f103xb.o(.text)
    DMA1_Channel5_IRQHandler                 0x080001b7   Thumb Code     0  startup_stm32f103xb.o(.text)
    DMA1_Channel6_IRQHandler                 0x080001b7   Thumb Code     0  startup_stm32f103xb.o(.text)
    DMA1_Channel7_IRQHandler                 0x080001b7   Thumb Code     0  startup_stm32f103xb.o(.text)
    EXTI0_IRQHandler                         0x080001b7   Thumb Code     0  startup_stm32f103xb.o(.text)
    EXTI15_10_IRQHandler                     0x080001b7   Thumb Code     0  startup_stm32f103xb.o(.text)
    EXTI1_IRQHandler                         0x080001b7   Thumb Code     0  startup_stm32f103xb.o(.text)
    EXTI2_IRQHandler                         0x080001b7   Thumb Code     0  startup_stm32f103xb.o(.text)
    EXTI3_IRQHandler                         0x080001b7   Thumb Code     0  startup_stm32f103xb.o(.text)
    EXTI4_IRQHandler                         0x080001b7   Thumb Code     0  startup_stm32f103xb.o(.text)
    EXTI9_5_IRQHandler                       0x080001b7   Thumb Code     0  startup_stm32f103xb.o(.text)
    FLASH_IRQHandler                         0x080001b7   Thumb Code     0  startup_stm32f103xb.o(.text)
    I2C1_ER_IRQHandler                       0x080001b7   Thumb Code     0  startup_stm32f103xb.o(.text)
    I2C1_EV_IRQHandler                       0x080001b7   Thumb Code     0  startup_stm32f103xb.o(.text)
    I2C2_ER_IRQHandler                       0x080001b7   Thumb Code     0  startup_stm32f103xb.o(.text)
    I2C2_EV_IRQHandler                       0x080001b7   Thumb Code     0  startup_stm32f103xb.o(.text)
    PVD_IRQHandler                           0x080001b7   Thumb Code     0  startup_stm32f103xb.o(.text)
    RCC_IRQHandler                           0x080001b7   Thumb Code     0  startup_stm32f103xb.o(.text)
    RTC_Alarm_IRQHandler                     0x080001b7   Thumb Code     0  startup_stm32f103xb.o(.text)
    RTC_IRQHandler                           0x080001b7   Thumb Code     0  startup_stm32f103xb.o(.text)
    SPI1_IRQHandler                          0x080001b7   Thumb Code     0  startup_stm32f103xb.o(.text)
    SPI2_IRQHandler                          0x080001b7   Thumb Code     0  startup_stm32f103xb.o(.text)
    TAMPER_IRQHandler                        0x080001b7   Thumb Code     0  startup_stm32f103xb.o(.text)
    TIM1_BRK_IRQHandler                      0x080001b7   Thumb Code     0  startup_stm32f103xb.o(.text)
    TIM1_CC_IRQHandler                       0x080001b7   Thumb Code     0  startup_stm32f103xb.o(.text)
    TIM1_TRG_COM_IRQHandler                  0x080001b7   Thumb Code     0  startup_stm32f103xb.o(.text)
    TIM1_UP_IRQHandler                       0x080001b7   Thumb Code     0  startup_stm32f103xb.o(.text)
    TIM2_IRQHandler                          0x080001b7   Thumb Code     0  startup_stm32f103xb.o(.text)
    TIM3_IRQHandler                          0x080001b7   Thumb Code     0  startup_stm32f103xb.o(.text)
    TIM4_IRQHandler                          0x080001b7   Thumb Code     0  startup_stm32f103xb.o(.text)
    USART3_IRQHandler                        0x080001b7   Thumb Code     0  startup_stm32f103xb.o(.text)
    USBWakeUp_IRQHandler                     0x080001b7   Thumb Code     0  startup_stm32f103xb.o(.text)
    USB_HP_CAN1_TX_IRQHandler                0x080001b7   Thumb Code     0  startup_stm32f103xb.o(.text)
    USB_LP_CAN1_RX0_IRQHandler               0x080001b7   Thumb Code     0  startup_stm32f103xb.o(.text)
    WWDG_IRQHandler                          0x080001b7   Thumb Code     0  startup_stm32f103xb.o(.text)
    __user_initial_stackheap                 0x080001b9   Thumb Code     0  startup_stm32f103xb.o(.text)
    __use_no_semihosting                     0x080001dd   Thumb Code     2  use_no_semi_2.o(.text)
    __2printf                                0x080001e1   Thumb Code    20  __2printf.o(.text)
    __2sprintf                               0x080001f9   Thumb Code    38  __2sprintf.o(.text)
    __2snprintf                              0x08000225   Thumb Code    50  __2snprintf.o(.text)
    _printf_pre_padding                      0x0800025d   Thumb Code    44  _printf_pad.o(.text)
    _printf_post_padding                     0x08000289   Thumb Code    34  _printf_pad.o(.text)
    _printf_str                              0x080002ab   Thumb Code    82  _printf_str.o(.text)
    _printf_int_dec                          0x080002fd   Thumb Code   104  _printf_dec.o(.text)
    __printf                                 0x08000375   Thumb Code   388  __printf_flags_ss_wp.o(.text)
    strchr                                   0x080004fd   Thumb Code    20  strchr.o(.text)
    strstr                                   0x08000511   Thumb Code    36  strstr.o(.text)
    strlen                                   0x08000535   Thumb Code    62  strlen.o(.text)
    __aeabi_memcpy                           0x08000573   Thumb Code     0  rt_memcpy_v6.o(.text)
    __rt_memcpy                              0x08000573   Thumb Code   138  rt_memcpy_v6.o(.text)
    _memcpy_lastbytes                        0x080005d9   Thumb Code     0  rt_memcpy_v6.o(.text)
    __aeabi_memcpy4                          0x080005fd   Thumb Code     0  rt_memcpy_w.o(.text)
    __aeabi_memcpy8                          0x080005fd   Thumb Code     0  rt_memcpy_w.o(.text)
    __rt_memcpy_w                            0x080005fd   Thumb Code   100  rt_memcpy_w.o(.text)
    _memcpy_lastbytes_aligned                0x08000645   Thumb Code     0  rt_memcpy_w.o(.text)
    __aeabi_memclr                           0x08000661   Thumb Code     0  rt_memclr.o(.text)
    __rt_memclr                              0x08000661   Thumb Code    68  rt_memclr.o(.text)
    _memset                                  0x08000665   Thumb Code     0  rt_memclr.o(.text)
    __aeabi_memclr4                          0x080006a5   Thumb Code     0  rt_memclr_w.o(.text)
    __aeabi_memclr8                          0x080006a5   Thumb Code     0  rt_memclr_w.o(.text)
    __rt_memclr_w                            0x080006a5   Thumb Code    78  rt_memclr_w.o(.text)
    _memset_w                                0x080006a9   Thumb Code     0  rt_memclr_w.o(.text)
    __use_two_region_memory                  0x080006f3   Thumb Code     2  heapauxi.o(.text)
    __rt_heap_escrow$2region                 0x080006f5   Thumb Code     2  heapauxi.o(.text)
    __rt_heap_expand$2region                 0x080006f7   Thumb Code     2  heapauxi.o(.text)
    __semihosting$guard                      0x080006f9   Thumb Code     0  use_no_semi.o(.text)
    __use_no_semihosting_swi                 0x080006f9   Thumb Code     2  use_no_semi.o(.text)
    __read_errno                             0x080006fb   Thumb Code    10  _rserrno.o(.text)
    __set_errno                              0x08000705   Thumb Code    12  _rserrno.o(.text)
    _printf_int_common                       0x08000711   Thumb Code   178  _printf_intcommon.o(.text)
    _printf_char_common                      0x080007cf   Thumb Code    32  _printf_char_common.o(.text)
    _sputc                                   0x080007f5   Thumb Code    10  _sputc.o(.text)
    _snputc                                  0x080007ff   Thumb Code    16  _snputc.o(.text)
    _printf_cs_common                        0x0800080f   Thumb Code    20  _printf_char.o(.text)
    _printf_char                             0x08000823   Thumb Code    16  _printf_char.o(.text)
    _printf_string                           0x08000833   Thumb Code     8  _printf_char.o(.text)
    _printf_char_file                        0x0800083d   Thumb Code    32  _printf_char_file.o(.text)
    __aeabi_errno_addr                       0x08000861   Thumb Code     8  rt_errno_addr_intlibspace.o(.text)
    __errno$intlibspace                      0x08000861   Thumb Code     0  rt_errno_addr_intlibspace.o(.text)
    __rt_errno_addr$intlibspace              0x08000861   Thumb Code     0  rt_errno_addr_intlibspace.o(.text)
    ferror                                   0x08000869   Thumb Code     8  ferror.o(.text)
    __user_libspace                          0x08000871   Thumb Code     8  libspace.o(.text)
    __user_perproc_libspace                  0x08000871   Thumb Code     0  libspace.o(.text)
    __user_perthread_libspace                0x08000871   Thumb Code     0  libspace.o(.text)
    __user_setup_stackheap                   0x08000879   Thumb Code    74  sys_stackheap_outer.o(.text)
    exit                                     0x080008c3   Thumb Code    18  exit.o(.text)
    ADC_ConversionStop_Disable               0x080008d5   Thumb Code    84  stm32f1xx_hal_adc.o(i.ADC_ConversionStop_Disable)
    ADC_Enable                               0x08000929   Thumb Code   118  stm32f1xx_hal_adc.o(i.ADC_Enable)
    ADC_GetValue                             0x080009a9   Thumb Code    46  adc.o(i.ADC_GetValue)
    ADCx_Init                                0x080009dd   Thumb Code    60  adc.o(i.ADCx_Init)
    BUMP_Init                                0x08000a25   Thumb Code    72  bump.o(i.BUMP_Init)
    BusFault_Handler                         0x08000a75   Thumb Code     2  stm32f1xx_it.o(i.BusFault_Handler)
    DebugMon_Handler                         0x08000a77   Thumb Code     2  stm32f1xx_it.o(i.DebugMon_Handler)
    FAN_Init                                 0x08000a79   Thumb Code    72  fan.o(i.FAN_Init)
    Fan_Bump_LED_status                      0x08000ac9   Thumb Code   148  plantsystem.o(i.Fan_Bump_LED_status)
    Gui_DrawPoint                            0x08000b6d   Thumb Code    26  lcd.o(i.Gui_DrawPoint)
    HAL_ADCEx_Calibration_Start              0x08000b89   Thumb Code   238  stm32f1xx_hal_adc_ex.o(i.HAL_ADCEx_Calibration_Start)
    HAL_ADC_ConfigChannel                    0x08000c7d   Thumb Code   250  stm32f1xx_hal_adc.o(i.HAL_ADC_ConfigChannel)
    HAL_ADC_GetValue                         0x08000d85   Thumb Code     6  stm32f1xx_hal_adc.o(i.HAL_ADC_GetValue)
    HAL_ADC_Init                             0x08000d8d   Thumb Code   272  stm32f1xx_hal_adc.o(i.HAL_ADC_Init)
    HAL_ADC_MspInit                          0x08000ea5   Thumb Code     2  stm32f1xx_hal_adc.o(i.HAL_ADC_MspInit)
    HAL_ADC_PollForConversion                0x08000ea9   Thumb Code   320  stm32f1xx_hal_adc.o(i.HAL_ADC_PollForConversion)
    HAL_ADC_Start                            0x08000ff5   Thumb Code   200  stm32f1xx_hal_adc.o(i.HAL_ADC_Start)
    HAL_DMA_Abort                            0x080010c5   Thumb Code    70  stm32f1xx_hal_dma.o(i.HAL_DMA_Abort)
    HAL_DMA_Abort_IT                         0x0800110d   Thumb Code   148  stm32f1xx_hal_dma.o(i.HAL_DMA_Abort_IT)
    HAL_Delay                                0x080011a5   Thumb Code     6  delay.o(i.HAL_Delay)
    HAL_GPIO_Init                            0x080011ad   Thumb Code   464  stm32f1xx_hal_gpio.o(i.HAL_GPIO_Init)
    HAL_GPIO_ReadPin                         0x0800139d   Thumb Code    14  stm32f1xx_hal_gpio.o(i.HAL_GPIO_ReadPin)
    HAL_GPIO_WritePin                        0x080013ab   Thumb Code    14  stm32f1xx_hal_gpio.o(i.HAL_GPIO_WritePin)
    HAL_GetTick                              0x080013b9   Thumb Code     6  stm32f1xx_hal.o(i.HAL_GetTick)
    HAL_IncTick                              0x080013c5   Thumb Code    12  stm32f1xx_hal.o(i.HAL_IncTick)
    HAL_Init                                 0x080013d5   Thumb Code    32  stm32f1xx_hal.o(i.HAL_Init)
    HAL_InitTick                             0x080013f9   Thumb Code    58  stm32f1xx_hal.o(i.HAL_InitTick)
    HAL_MspInit                              0x0800143d   Thumb Code     2  stm32f1xx_hal.o(i.HAL_MspInit)
    HAL_NVIC_EnableIRQ                       0x0800143f   Thumb Code    26  stm32f1xx_hal_cortex.o(i.HAL_NVIC_EnableIRQ)
    HAL_NVIC_SetPriority                     0x08001459   Thumb Code    60  stm32f1xx_hal_cortex.o(i.HAL_NVIC_SetPriority)
    HAL_NVIC_SetPriorityGrouping             0x08001499   Thumb Code    26  stm32f1xx_hal_cortex.o(i.HAL_NVIC_SetPriorityGrouping)
    HAL_RCCEx_GetPeriphCLKFreq               0x080014bd   Thumb Code   152  stm32f1xx_hal_rcc_ex.o(i.HAL_RCCEx_GetPeriphCLKFreq)
    HAL_RCC_ClockConfig                      0x08001565   Thumb Code   318  stm32f1xx_hal_rcc.o(i.HAL_RCC_ClockConfig)
    HAL_RCC_GetHCLKFreq                      0x080016b9   Thumb Code     6  stm32f1xx_hal_rcc.o(i.HAL_RCC_GetHCLKFreq)
    HAL_RCC_GetPCLK1Freq                     0x080016c5   Thumb Code    22  stm32f1xx_hal_rcc.o(i.HAL_RCC_GetPCLK1Freq)
    HAL_RCC_GetPCLK2Freq                     0x080016e5   Thumb Code    22  stm32f1xx_hal_rcc.o(i.HAL_RCC_GetPCLK2Freq)
    HAL_RCC_GetSysClockFreq                  0x08001705   Thumb Code    58  stm32f1xx_hal_rcc.o(i.HAL_RCC_GetSysClockFreq)
    HAL_RCC_OscConfig                        0x08001751   Thumb Code   882  stm32f1xx_hal_rcc.o(i.HAL_RCC_OscConfig)
    HAL_SYSTICK_CLKSourceConfig              0x08001ad5   Thumb Code    28  stm32f1xx_hal_cortex.o(i.HAL_SYSTICK_CLKSourceConfig)
    HAL_SYSTICK_Config                       0x08001af1   Thumb Code    40  stm32f1xx_hal_cortex.o(i.HAL_SYSTICK_Config)
    HAL_UARTEx_RxEventCallback               0x08001b19   Thumb Code     2  stm32f1xx_hal_uart.o(i.HAL_UARTEx_RxEventCallback)
    HAL_UART_ErrorCallback                   0x08001b1b   Thumb Code     2  stm32f1xx_hal_uart.o(i.HAL_UART_ErrorCallback)
    HAL_UART_IRQHandler                      0x08001b1d   Thumb Code   554  stm32f1xx_hal_uart.o(i.HAL_UART_IRQHandler)
    HAL_UART_Init                            0x08001d4d   Thumb Code   102  stm32f1xx_hal_uart.o(i.HAL_UART_Init)
    HAL_UART_MspInit                         0x08001db5   Thumb Code   244  usart.o(i.HAL_UART_MspInit)
    HAL_UART_Receive_IT                      0x08001eb9   Thumb Code    28  stm32f1xx_hal_uart.o(i.HAL_UART_Receive_IT)
    HAL_UART_RxCpltCallback                  0x08001ed5   Thumb Code    80  usart.o(i.HAL_UART_RxCpltCallback)
    HAL_UART_Transmit                        0x08001f31   Thumb Code   164  stm32f1xx_hal_uart.o(i.HAL_UART_Transmit)
    HAL_UART_TxCpltCallback                  0x08001fd5   Thumb Code     2  stm32f1xx_hal_uart.o(i.HAL_UART_TxCpltCallback)
    HardFault_Handler                        0x08001fd7   Thumb Code     2  stm32f1xx_it.o(i.HardFault_Handler)
    KEY_Init                                 0x08001fd9   Thumb Code    50  key.o(i.KEY_Init)
    KEY_Scan                                 0x08002015   Thumb Code    62  key.o(i.KEY_Scan)
    LCD_GPIO_Init                            0x0800205d   Thumb Code    80  lcd.o(i.LCD_GPIO_Init)
    LCD_ShowChar                             0x08002119   Thumb Code    88  lcd.o(i.LCD_ShowChar)
    LCD_ShowDHT11Data                        0x08002175   Thumb Code   116  plantsystem.o(i.LCD_ShowDHT11Data)
    LCD_ShowString                           0x0800222d   Thumb Code    58  lcd.o(i.LCD_ShowString)
    LCD_Show_Chinese_String                  0x08002267   Thumb Code    52  lcd.o(i.LCD_Show_Chinese_String)
    LCD_Show_Chinese_String2                 0x0800229b   Thumb Code    52  lcd.o(i.LCD_Show_Chinese_String2)
    LCD_Show_Chinese_String3                 0x080022cf   Thumb Code    52  lcd.o(i.LCD_Show_Chinese_String3)
    LCD_Show_Page1                           0x08002305   Thumb Code   236  plantsystem.o(i.LCD_Show_Page1)
    LCD_Show_Page2                           0x08002429   Thumb Code   768  plantsystem.o(i.LCD_Show_Page2)
    LCD_Show_Page3                           0x0800274d   Thumb Code   354  plantsystem.o(i.LCD_Show_Page3)
    LCD_Show_Single_Chinese                  0x080028ed   Thumb Code   144  lcd.o(i.LCD_Show_Single_Chinese)
    LCD_Show_Single_Chinese2                 0x08002981   Thumb Code   144  lcd.o(i.LCD_Show_Single_Chinese2)
    LCD_Show_Single_Chinese3                 0x08002a15   Thumb Code   144  lcd.o(i.LCD_Show_Single_Chinese3)
    LCD_WriteData_16Bit                      0x08002aa9   Thumb Code    52  lcd.o(i.LCD_WriteData_16Bit)
    LDR_ADC_Read                             0x08002ae5   Thumb Code     6  ldr.o(i.LDR_ADC_Read)
    LDR_GetData                              0x08002aeb   Thumb Code    36  ldr.o(i.LDR_GetData)
    LDR_Init                                 0x08002b11   Thumb Code    52  ldr.o(i.LDR_Init)
    LDR_LuxData                              0x08002b4d   Thumb Code    88  ldr.o(i.LDR_LuxData)
    Lcd_Clear                                0x08002bb9   Thumb Code    50  lcd.o(i.Lcd_Clear)
    Lcd_Init                                 0x08002bed   Thumb Code   566  lcd.o(i.Lcd_Init)
    Lcd_Reset                                0x08002e29   Thumb Code    40  lcd.o(i.Lcd_Reset)
    Lcd_SetRegion                            0x08002e55   Thumb Code    82  lcd.o(i.Lcd_SetRegion)
    Lcd_WriteCmd                             0x08002ea9   Thumb Code    46  lcd.o(i.Lcd_WriteCmd)
    Lcd_WriteData                            0x08002ee1   Thumb Code    46  lcd.o(i.Lcd_WriteData)
    MemManage_Handler                        0x0800305d   Thumb Code     2  stm32f1xx_it.o(i.MemManage_Handler)
    NMI_Handler                              0x0800305f   Thumb Code     2  stm32f1xx_it.o(i.NMI_Handler)
    PendSV_Handler                           0x08003061   Thumb Code     2  stm32f1xx_it.o(i.PendSV_Handler)
    PlantSystem_GetBumpState                 0x08003065   Thumb Code    20  plantsystem.o(i.PlantSystem_GetBumpState)
    PlantSystem_GetFanState                  0x0800307d   Thumb Code    20  plantsystem.o(i.PlantSystem_GetFanState)
    PlantSystem_GetLedState                  0x08003095   Thumb Code    20  plantsystem.o(i.PlantSystem_GetLedState)
    PlantSystem_GetLightIntensity            0x080030ad   Thumb Code     6  plantsystem.o(i.PlantSystem_GetLightIntensity)
    PlantSystem_GetSoilHumidity              0x080030b9   Thumb Code     6  plantsystem.o(i.PlantSystem_GetSoilHumidity)
    PlantSystem_HandleCloudPayload           0x080030c5   Thumb Code   214  plantsystem.o(i.PlantSystem_HandleCloudPayload)
    PlantSystem_IsAutoMode                   0x080031cd   Thumb Code    16  plantsystem.o(i.PlantSystem_IsAutoMode)
    PlantSystem_UpdateSensors                0x080031e1   Thumb Code    44  plantsystem.o(i.PlantSystem_UpdateSensors)
    SPI_WriteData                            0x08003235   Thumb Code    68  lcd.o(i.SPI_WriteData)
    SVC_Handler                              0x0800327d   Thumb Code     2  stm32f1xx_it.o(i.SVC_Handler)
    SysTick_Handler                          0x0800327f   Thumb Code     4  stm32f1xx_it.o(i.SysTick_Handler)
    SystemInit                               0x08003283   Thumb Code     2  system_stm32f1xx.o(i.SystemInit)
    TS_ADC_Read                              0x08003285   Thumb Code     6  ts.o(i.TS_ADC_Read)
    TS_GetData                               0x0800328d   Thumb Code    56  ts.o(i.TS_GetData)
    TS_Init                                  0x080032cd   Thumb Code    52  ts.o(i.TS_Init)
    UART_Start_Receive_IT                    0x08003501   Thumb Code    56  stm32f1xx_hal_uart.o(i.UART_Start_Receive_IT)
    USART1_IRQHandler                        0x0800360d   Thumb Code    24  usart.o(i.USART1_IRQHandler)
    USART2_IRQHandler                        0x0800362d   Thumb Code    42  esp8266.o(i.USART2_IRQHandler)
    UsageFault_Handler                       0x08003661   Thumb Code     2  stm32f1xx_it.o(i.UsageFault_Handler)
    __ARM_fpclassify                         0x08003663   Thumb Code    40  fpclassify.o(i.__ARM_fpclassify)
    __kernel_poly                            0x080036ab   Thumb Code   170  poly.o(i.__kernel_poly)
    __mathlib_dbl_divzero                    0x08003755   Thumb Code    12  dunder.o(i.__mathlib_dbl_divzero)
    __mathlib_dbl_infnan2                    0x08003765   Thumb Code     4  dunder.o(i.__mathlib_dbl_infnan2)
    __mathlib_dbl_invalid                    0x08003769   Thumb Code    12  dunder.o(i.__mathlib_dbl_invalid)
    __mathlib_dbl_overflow                   0x08003775   Thumb Code    14  dunder.o(i.__mathlib_dbl_overflow)
    __mathlib_dbl_underflow                  0x08003785   Thumb Code    10  dunder.o(i.__mathlib_dbl_underflow)
    _is_digit                                0x08003795   Thumb Code    14  __printf_wp.o(i._is_digit)
    _sys_exit                                0x080037a3   Thumb Code     2  usart.o(i._sys_exit)
    delay_init                               0x080037a5   Thumb Code    26  delay.o(i.delay_init)
    delay_ms                                 0x080037c5   Thumb Code    54  delay.o(i.delay_ms)
    delay_us                                 0x08003801   Thumb Code    46  delay.o(i.delay_us)
    dht11_gpio_input                         0x08003835   Thumb Code    48  dht11.o(i.dht11_gpio_input)
    dht11_gpio_output                        0x0800386d   Thumb Code    48  dht11.o(i.dht11_gpio_output)
    dht11_read                               0x080038a5   Thumb Code    54  dht11.o(i.dht11_read)
    esp8266_at_test                          0x08003a15   Thumb Code     8  esp8266.o(i.esp8266_at_test)
    esp8266_clear                            0x08003a29   Thumb Code    22  esp8266.o(i.esp8266_clear)
    esp8266_connect_tcp_server               0x08003a49   Thumb Code    28  esp8266.o(i.esp8266_connect_tcp_server)
    esp8266_copy_rxdata                      0x08003a89   Thumb Code    30  esp8266.o(i.esp8266_copy_rxdata)
    esp8266_disconnect_tcp_server            0x08003ab1   Thumb Code     8  esp8266.o(i.esp8266_disconnect_tcp_server)
    esp8266_enter_unvarnished                0x08003acd   Thumb Code    42  esp8266.o(i.esp8266_enter_unvarnished)
    esp8266_exit_unvarnished                 0x08003b21   Thumb Code     8  esp8266.o(i.esp8266_exit_unvarnished)
    esp8266_get_ip                           0x08003b31   Thumb Code    54  esp8266.o(i.esp8266_get_ip)
    esp8266_init                             0x08003b89   Thumb Code   266  esp8266.o(i.esp8266_init)
    esp8266_join_ap                          0x08003e25   Thumb Code    28  esp8266.o(i.esp8266_join_ap)
    esp8266_send_command                     0x08003e65   Thumb Code    70  esp8266.o(i.esp8266_send_command)
    esp8266_send_data                        0x08003eb1   Thumb Code    26  esp8266.o(i.esp8266_send_data)
    esp8266_set_mode                         0x08003ed1   Thumb Code    40  esp8266.o(i.esp8266_set_mode)
    esp8266_single_connection                0x08003f2d   Thumb Code     8  esp8266.o(i.esp8266_single_connection)
    esp8266_sw_reset                         0x08003f49   Thumb Code     8  esp8266.o(i.esp8266_sw_reset)
    esp8266_uart_init                        0x08003f61   Thumb Code    30  esp8266.o(i.esp8266_uart_init)
    esp8266_wait_receive                     0x08003f89   Thumb Code    32  esp8266.o(i.esp8266_wait_receive)
    fputc                                    0x08003fad   Thumb Code    18  usart.o(i.fputc)
    led1_off                                 0x080040d1   Thumb Code    12  led.o(i.led1_off)
    led1_on                                  0x080040e1   Thumb Code    10  led.o(i.led1_on)
    led_init                                 0x080040f1   Thumb Code    56  led.o(i.led_init)
    main                                     0x08004131   Thumb Code   332  main.o(i.main)
    mqtt_connect                             0x080043d1   Thumb Code   456  onenet.o(i.mqtt_connect)
    mqtt_disconnect                          0x0800459d   Thumb Code     8  onenet.o(i.mqtt_disconnect)
    mqtt_init                                0x080045a9   Thumb Code    70  onenet.o(i.mqtt_init)
    mqtt_login_init                          0x08004635   Thumb Code    52  onenet.o(i.mqtt_login_init)
    mqtt_publish_data                        0x08004681   Thumb Code   208  onenet.o(i.mqtt_publish_data)
    mqtt_receive_handle                      0x08004755   Thumb Code   192  onenet.o(i.mqtt_receive_handle)
    mqtt_send_data                           0x08004815   Thumb Code     4  onenet.o(i.mqtt_send_data)
    mqtt_send_heart                          0x08004819   Thumb Code     8  onenet.o(i.mqtt_send_heart)
    mqtt_send_response                       0x08004825   Thumb Code    58  onenet.o(i.mqtt_send_response)
    mqtt_subscribe_topic                     0x080048d5   Thumb Code   280  onenet.o(i.mqtt_subscribe_topic)
    pow                                      0x080049f1   Thumb Code  2512  pow.o(i.pow)
    sqrt                                     0x080053c9   Thumb Code    76  sqrt.o(i.sqrt)
    sys_stm32_clock_init                     0x08005415   Thumb Code    86  sys.o(i.sys_stm32_clock_init)
    uart_printf                              0x0800546d   Thumb Code   140  plantsystem.o(i.uart_printf)
    usart_init                               0x0800561d   Thumb Code    44  usart.o(i.usart_init)
    __aeabi_dadd                             0x08005655   Thumb Code     0  daddsub_clz.o(x$fpl$dadd)
    _dadd                                    0x08005655   Thumb Code   332  daddsub_clz.o(x$fpl$dadd)
    __fpl_dcheck_NaN1                        0x080057a5   Thumb Code    10  dcheck1.o(x$fpl$dcheck1)
    __fpl_dcmp_Inf                           0x080057b5   Thumb Code    24  dcmpi.o(x$fpl$dcmpinf)
    __aeabi_ddiv                             0x080057cd   Thumb Code     0  ddiv.o(x$fpl$ddiv)
    _ddiv                                    0x080057cd   Thumb Code   552  ddiv.o(x$fpl$ddiv)
    __aeabi_d2uiz                            0x08005a7d   Thumb Code     0  dfixu.o(x$fpl$dfixu)
    _dfixu                                   0x08005a7d   Thumb Code    90  dfixu.o(x$fpl$dfixu)
    __aeabi_i2d                              0x08005ad7   Thumb Code     0  dflt_clz.o(x$fpl$dflt)
    _dflt                                    0x08005ad7   Thumb Code    46  dflt_clz.o(x$fpl$dflt)
    __aeabi_cdcmple                          0x08005b05   Thumb Code     0  dleqf.o(x$fpl$dleqf)
    _dcmple                                  0x08005b05   Thumb Code   120  dleqf.o(x$fpl$dleqf)
    __fpl_dcmple_InfNaN                      0x08005b67   Thumb Code     0  dleqf.o(x$fpl$dleqf)
    __aeabi_dmul                             0x08005b7d   Thumb Code     0  dmul.o(x$fpl$dmul)
    _dmul                                    0x08005b7d   Thumb Code   332  dmul.o(x$fpl$dmul)
    __fpl_dnaninf                            0x08005cd1   Thumb Code   156  dnaninf.o(x$fpl$dnaninf)
    __fpl_dretinf                            0x08005d6d   Thumb Code    12  dretinf.o(x$fpl$dretinf)
    __aeabi_cdrcmple                         0x08005d79   Thumb Code     0  drleqf.o(x$fpl$drleqf)
    _drcmple                                 0x08005d79   Thumb Code   108  drleqf.o(x$fpl$drleqf)
    __aeabi_drsub                            0x08005de5   Thumb Code     0  daddsub_clz.o(x$fpl$drsb)
    _drsb                                    0x08005de5   Thumb Code    22  daddsub_clz.o(x$fpl$drsb)
    _dsqrt                                   0x08005dfd   Thumb Code   456  dsqrt_noumaal.o(x$fpl$dsqrt)
    __aeabi_dsub                             0x08005fc9   Thumb Code     0  daddsub_clz.o(x$fpl$dsub)
    _dsub                                    0x08005fc9   Thumb Code   464  daddsub_clz.o(x$fpl$dsub)
    __aeabi_f2d                              0x0800619d   Thumb Code     0  f2d.o(x$fpl$f2d)
    _f2d                                     0x0800619d   Thumb Code    86  f2d.o(x$fpl$f2d)
    __aeabi_fadd                             0x080061f5   Thumb Code     0  faddsub_clz.o(x$fpl$fadd)
    _fadd                                    0x080061f5   Thumb Code   196  faddsub_clz.o(x$fpl$fadd)
    __fpl_fcheck_NaN1                        0x080062b9   Thumb Code     6  fcheck1.o(x$fpl$fcheck1)
    __fpl_fcmp_Inf                           0x080062c5   Thumb Code    24  fcmpi.o(x$fpl$fcmpinf)
    __aeabi_fdiv                             0x080062dd   Thumb Code     0  fdiv.o(x$fpl$fdiv)
    _fdiv                                    0x080062dd   Thumb Code   384  fdiv.o(x$fpl$fdiv)
    __aeabi_f2uiz                            0x08006461   Thumb Code     0  ffixu.o(x$fpl$ffixu)
    _ffixu                                   0x08006461   Thumb Code    62  ffixu.o(x$fpl$ffixu)
    __aeabi_ui2f                             0x080064a1   Thumb Code     0  fflt_clz.o(x$fpl$ffltu)
    _ffltu                                   0x080064a1   Thumb Code    38  fflt_clz.o(x$fpl$ffltu)
    __aeabi_cfcmple                          0x080064c9   Thumb Code     0  fleqf.o(x$fpl$fleqf)
    _fcmple                                  0x080064c9   Thumb Code   104  fleqf.o(x$fpl$fleqf)
    __fpl_fcmple_InfNaN                      0x0800651b   Thumb Code     0  fleqf.o(x$fpl$fleqf)
    __aeabi_fmul                             0x08006531   Thumb Code     0  fmul.o(x$fpl$fmul)
    _fmul                                    0x08006531   Thumb Code   258  fmul.o(x$fpl$fmul)
    __fpl_fnaninf                            0x08006633   Thumb Code   140  fnaninf.o(x$fpl$fnaninf)
    __fpl_fretinf                            0x080066bf   Thumb Code    10  fretinf.o(x$fpl$fretinf)
    __aeabi_frsub                            0x080066c9   Thumb Code     0  faddsub_clz.o(x$fpl$frsb)
    _frsb                                    0x080066c9   Thumb Code    20  faddsub_clz.o(x$fpl$frsb)
    __aeabi_fsub                             0x080066dd   Thumb Code     0  faddsub_clz.o(x$fpl$fsub)
    _fsub                                    0x080066dd   Thumb Code   234  faddsub_clz.o(x$fpl$fsub)
    __fpl_return_NaN                         0x080067c7   Thumb Code   100  retnan.o(x$fpl$retnan)
    __ARM_scalbn                             0x0800682b   Thumb Code    92  scalbn.o(x$fpl$scalbn)
    __ARM_scalbnf                            0x08006887   Thumb Code    76  scalbnf.o(x$fpl$scalbnf)
    __fpl_cmpreturn                          0x080068d3   Thumb Code    48  trapv.o(x$fpl$trapveneer)
    AHBPrescTable                            0x08006902   Data          16  system_stm32f1xx.o(.constdata)
    __I$use$fp                               0x08006902   Number         0  usenofp.o(x$fpl$usenofp)
    APBPrescTable                            0x08006912   Data           8  system_stm32f1xx.o(.constdata)
    ascii_font_8x16                          0x0800691a   Data        1536  lcd.o(.constdata)
    chinese_font_16x16                       0x08006f1a   Data         320  lcd.o(.constdata)
    chinese_Tile2_font_16x16                 0x0800705a   Data         256  lcd.o(.constdata)
    chinese_Tile3_font_16x16                 0x0800715a   Data         992  lcd.o(.constdata)
    parket_disconnet                         0x0800753a   Data           2  onenet.o(.constdata)
    parket_heart                             0x0800753c   Data           2  onenet.o(.constdata)
    __mathlib_zero                           0x08007600   Data           8  qnan.o(.constdata)
    Region$$Table$$Base                      0x080077a0   Number         0  anon$$obj.o(Region$$Table)
    Region$$Table$$Limit                     0x080077c0   Number         0  anon$$obj.o(Region$$Table)
    SystemCoreClock                          0x20000000   Data           4  system_stm32f1xx.o(.data)
    esp8266_cnt                              0x20000008   Data           2  esp8266.o(.data)
    esp8266_cntPre                           0x2000000a   Data           2  esp8266.o(.data)
    dht11_data                               0x2000000c   Data           5  dht11.o(.data)
    current_humi                             0x20000020   Data           2  plantsystem.o(.data)
    current_light                            0x20000022   Data           2  plantsystem.o(.data)
    mqtt_rxlen                               0x2000002a   Data           2  onenet.o(.data)
    mqtt_txlen                               0x2000002c   Data           2  onenet.o(.data)
    mqtt_rxbuf                               0x20000030   Data           4  onenet.o(.data)
    mqtt_txbuf                               0x20000034   Data           4  onenet.o(.data)
    g_rx_buffer                              0x2000003a   Data           1  usart.o(.data)
    g_usart_rx_sta                           0x2000003c   Data           2  usart.o(.data)
    __stdout                                 0x20000040   Data           4  usart.o(.data)
    uwTickFreq                               0x20000044   Data           1  stm32f1xx_hal.o(.data)
    uwTickPrio                               0x20000048   Data           4  stm32f1xx_hal.o(.data)
    uwTick                                   0x2000004c   Data           4  stm32f1xx_hal.o(.data)
    g_uart_handle                            0x20000854   Data          72  esp8266.o(.bss)
    g_uart_rx_buf                            0x2000089c   Data         512  esp8266.o(.bss)
    g_uart_tx_buf                            0x20000a9c   Data          64  esp8266.o(.bss)
    hadc                                     0x20000adc   Data          48  adc.o(.bss)
    MQTT_ClientID                            0x20000b0c   Data         100  onenet.o(.bss)
    MQTT_UserName                            0x20000b70   Data         100  onenet.o(.bss)
    MQTT_PassWord                            0x20000bd4   Data         200  onenet.o(.bss)
    _mqtt_txbuf                              0x20000c9c   Data         512  onenet.o(.bss)
    _mqtt_rxbuf                              0x20000e9c   Data         512  onenet.o(.bss)
    g_usart_rx_buf                           0x2000109c   Data         200  usart.o(.bss)
    g_uart1_handle                           0x20001164   Data          72  usart.o(.bss)
    __libspace_start                         0x200011ac   Data          96  libspace.o(.bss)
    __temporary_stack_top$libspace           0x2000120c   Data           0  libspace.o(.bss)



==============================================================================

Memory Map of the image

  Image Entry point : 0x080000ed

  Load Region LR_IROM1 (Base: 0x08000000, Size: 0x00007810, Max: 0x00010000, ABSOLUTE)

    Execution Region ER_IROM1 (Exec base: 0x08000000, Load base: 0x08000000, Size: 0x000077c0, Max: 0x00010000, ABSOLUTE)

    Exec Addr    Load Addr    Size         Type   Attr      Idx    E Section Name        Object

    0x08000000   0x08000000   0x000000ec   Data   RO            3    RESET               startup_stm32f103xb.o
    0x080000ec   0x080000ec   0x00000008   Code   RO         7436  * !!!main             c_w.l(__main.o)
    0x080000f4   0x080000f4   0x00000034   Code   RO         7848    !!!scatter          c_w.l(__scatter.o)
    0x08000128   0x08000128   0x0000001a   Code   RO         7850    !!handler_copy      c_w.l(__scatter_copy.o)
    0x08000142   0x08000142   0x00000002   PAD
    0x08000144   0x08000144   0x0000001c   Code   RO         7852    !!handler_zi        c_w.l(__scatter_zi.o)
    0x08000160   0x08000160   0x00000000   Code   RO         7419    .ARM.Collect$$_printf_percent$$00000000  c_w.l(_printf_percent.o)
    0x08000160   0x08000160   0x00000006   Code   RO         7417    .ARM.Collect$$_printf_percent$$00000009  c_w.l(_printf_d.o)
    0x08000166   0x08000166   0x00000006   Code   RO         7418    .ARM.Collect$$_printf_percent$$0000000A  c_w.l(_printf_u.o)
    0x0800016c   0x0800016c   0x00000006   Code   RO         7416    .ARM.Collect$$_printf_percent$$00000014  c_w.l(_printf_s.o)
    0x08000172   0x08000172   0x00000004   Code   RO         7545    .ARM.Collect$$_printf_percent$$00000017  c_w.l(_printf_percent_end.o)
    0x08000176   0x08000176   0x00000002   Code   RO         7717    .ARM.Collect$$libinit$$00000000  c_w.l(libinit.o)
    0x08000178   0x08000178   0x00000000   Code   RO         7732    .ARM.Collect$$libinit$$00000002  c_w.l(libinit2.o)
    0x08000178   0x08000178   0x00000000   Code   RO         7734    .ARM.Collect$$libinit$$00000004  c_w.l(libinit2.o)
    0x08000178   0x08000178   0x00000000   Code   RO         7737    .ARM.Collect$$libinit$$0000000A  c_w.l(libinit2.o)
    0x08000178   0x08000178   0x00000000   Code   RO         7739    .ARM.Collect$$libinit$$0000000C  c_w.l(libinit2.o)
    0x08000178   0x08000178   0x00000000   Code   RO         7741    .ARM.Collect$$libinit$$0000000E  c_w.l(libinit2.o)
    0x08000178   0x08000178   0x00000000   Code   RO         7744    .ARM.Collect$$libinit$$00000011  c_w.l(libinit2.o)
    0x08000178   0x08000178   0x00000000   Code   RO         7746    .ARM.Collect$$libinit$$00000013  c_w.l(libinit2.o)
    0x08000178   0x08000178   0x00000000   Code   RO         7748    .ARM.Collect$$libinit$$00000015  c_w.l(libinit2.o)
    0x08000178   0x08000178   0x00000000   Code   RO         7750    .ARM.Collect$$libinit$$00000017  c_w.l(libinit2.o)
    0x08000178   0x08000178   0x00000000   Code   RO         7752    .ARM.Collect$$libinit$$00000019  c_w.l(libinit2.o)
    0x08000178   0x08000178   0x00000000   Code   RO         7754    .ARM.Collect$$libinit$$0000001B  c_w.l(libinit2.o)
    0x08000178   0x08000178   0x00000000   Code   RO         7756    .ARM.Collect$$libinit$$0000001D  c_w.l(libinit2.o)
    0x08000178   0x08000178   0x00000000   Code   RO         7758    .ARM.Collect$$libinit$$0000001F  c_w.l(libinit2.o)
    0x08000178   0x08000178   0x00000000   Code   RO         7760    .ARM.Collect$$libinit$$00000021  c_w.l(libinit2.o)
    0x08000178   0x08000178   0x00000000   Code   RO         7762    .ARM.Collect$$libinit$$00000023  c_w.l(libinit2.o)
    0x08000178   0x08000178   0x00000000   Code   RO         7764    .ARM.Collect$$libinit$$00000025  c_w.l(libinit2.o)
    0x08000178   0x08000178   0x00000000   Code   RO         7768    .ARM.Collect$$libinit$$0000002C  c_w.l(libinit2.o)
    0x08000178   0x08000178   0x00000000   Code   RO         7770    .ARM.Collect$$libinit$$0000002E  c_w.l(libinit2.o)
    0x08000178   0x08000178   0x00000000   Code   RO         7772    .ARM.Collect$$libinit$$00000030  c_w.l(libinit2.o)
    0x08000178   0x08000178   0x00000000   Code   RO         7774    .ARM.Collect$$libinit$$00000032  c_w.l(libinit2.o)
    0x08000178   0x08000178   0x00000002   Code   RO         7775    .ARM.Collect$$libinit$$00000033  c_w.l(libinit2.o)
    0x0800017a   0x0800017a   0x00000002   Code   RO         7793    .ARM.Collect$$libshutdown$$00000000  c_w.l(libshutdown.o)
    0x0800017c   0x0800017c   0x00000000   Code   RO         7801    .ARM.Collect$$libshutdown$$00000002  c_w.l(libshutdown2.o)
    0x0800017c   0x0800017c   0x00000000   Code   RO         7803    .ARM.Collect$$libshutdown$$00000004  c_w.l(libshutdown2.o)
    0x0800017c   0x0800017c   0x00000000   Code   RO         7805    .ARM.Collect$$libshutdown$$00000006  c_w.l(libshutdown2.o)
    0x0800017c   0x0800017c   0x00000000   Code   RO         7808    .ARM.Collect$$libshutdown$$00000009  c_w.l(libshutdown2.o)
    0x0800017c   0x0800017c   0x00000000   Code   RO         7811    .ARM.Collect$$libshutdown$$0000000C  c_w.l(libshutdown2.o)
    0x0800017c   0x0800017c   0x00000000   Code   RO         7813    .ARM.Collect$$libshutdown$$0000000E  c_w.l(libshutdown2.o)
    0x0800017c   0x0800017c   0x00000000   Code   RO         7816    .ARM.Collect$$libshutdown$$00000011  c_w.l(libshutdown2.o)
    0x0800017c   0x0800017c   0x00000002   Code   RO         7817    .ARM.Collect$$libshutdown$$00000012  c_w.l(libshutdown2.o)
    0x0800017e   0x0800017e   0x00000000   Code   RO         7484    .ARM.Collect$$rtentry$$00000000  c_w.l(__rtentry.o)
    0x0800017e   0x0800017e   0x00000000   Code   RO         7624    .ARM.Collect$$rtentry$$00000002  c_w.l(__rtentry2.o)
    0x0800017e   0x0800017e   0x00000006   Code   RO         7636    .ARM.Collect$$rtentry$$00000004  c_w.l(__rtentry4.o)
    0x08000184   0x08000184   0x00000000   Code   RO         7626    .ARM.Collect$$rtentry$$00000009  c_w.l(__rtentry2.o)
    0x08000184   0x08000184   0x00000004   Code   RO         7627    .ARM.Collect$$rtentry$$0000000A  c_w.l(__rtentry2.o)
    0x08000188   0x08000188   0x00000000   Code   RO         7629    .ARM.Collect$$rtentry$$0000000C  c_w.l(__rtentry2.o)
    0x08000188   0x08000188   0x00000008   Code   RO         7630    .ARM.Collect$$rtentry$$0000000D  c_w.l(__rtentry2.o)
    0x08000190   0x08000190   0x00000002   Code   RO         7724    .ARM.Collect$$rtexit$$00000000  c_w.l(rtexit.o)
    0x08000192   0x08000192   0x00000000   Code   RO         7777    .ARM.Collect$$rtexit$$00000002  c_w.l(rtexit2.o)
    0x08000192   0x08000192   0x00000004   Code   RO         7778    .ARM.Collect$$rtexit$$00000003  c_w.l(rtexit2.o)
    0x08000196   0x08000196   0x00000006   Code   RO         7779    .ARM.Collect$$rtexit$$00000004  c_w.l(rtexit2.o)
    0x0800019c   0x0800019c   0x00000040   Code   RO            4    .text               startup_stm32f103xb.o
    0x080001dc   0x080001dc   0x00000002   Code   RO         7370    .text               c_w.l(use_no_semi_2.o)
    0x080001de   0x080001de   0x00000002   PAD
    0x080001e0   0x080001e0   0x00000018   Code   RO         7376    .text               c_w.l(__2printf.o)
    0x080001f8   0x080001f8   0x0000002c   Code   RO         7378    .text               c_w.l(__2sprintf.o)
    0x08000224   0x08000224   0x00000038   Code   RO         7380    .text               c_w.l(__2snprintf.o)
    0x0800025c   0x0800025c   0x0000004e   Code   RO         7390    .text               c_w.l(_printf_pad.o)
    0x080002aa   0x080002aa   0x00000052   Code   RO         7392    .text               c_w.l(_printf_str.o)
    0x080002fc   0x080002fc   0x00000078   Code   RO         7394    .text               c_w.l(_printf_dec.o)
    0x08000374   0x08000374   0x00000188   Code   RO         7413    .text               c_w.l(__printf_flags_ss_wp.o)
    0x080004fc   0x080004fc   0x00000014   Code   RO         7420    .text               c_w.l(strchr.o)
    0x08000510   0x08000510   0x00000024   Code   RO         7422    .text               c_w.l(strstr.o)
    0x08000534   0x08000534   0x0000003e   Code   RO         7424    .text               c_w.l(strlen.o)
    0x08000572   0x08000572   0x0000008a   Code   RO         7426    .text               c_w.l(rt_memcpy_v6.o)
    0x080005fc   0x080005fc   0x00000064   Code   RO         7428    .text               c_w.l(rt_memcpy_w.o)
    0x08000660   0x08000660   0x00000044   Code   RO         7430    .text               c_w.l(rt_memclr.o)
    0x080006a4   0x080006a4   0x0000004e   Code   RO         7432    .text               c_w.l(rt_memclr_w.o)
    0x080006f2   0x080006f2   0x00000006   Code   RO         7434    .text               c_w.l(heapauxi.o)
    0x080006f8   0x080006f8   0x00000002   Code   RO         7482    .text               c_w.l(use_no_semi.o)
    0x080006fa   0x080006fa   0x00000016   Code   RO         7485    .text               c_w.l(_rserrno.o)
    0x08000710   0x08000710   0x000000b2   Code   RO         7489    .text               c_w.l(_printf_intcommon.o)
    0x080007c2   0x080007c2   0x00000002   PAD
    0x080007c4   0x080007c4   0x00000030   Code   RO         7493    .text               c_w.l(_printf_char_common.o)
    0x080007f4   0x080007f4   0x0000000a   Code   RO         7495    .text               c_w.l(_sputc.o)
    0x080007fe   0x080007fe   0x00000010   Code   RO         7497    .text               c_w.l(_snputc.o)
    0x0800080e   0x0800080e   0x0000002c   Code   RO         7499    .text               c_w.l(_printf_char.o)
    0x0800083a   0x0800083a   0x00000002   PAD
    0x0800083c   0x0800083c   0x00000024   Code   RO         7501    .text               c_w.l(_printf_char_file.o)
    0x08000860   0x08000860   0x00000008   Code   RO         7641    .text               c_w.l(rt_errno_addr_intlibspace.o)
    0x08000868   0x08000868   0x00000008   Code   RO         7654    .text               c_w.l(ferror.o)
    0x08000870   0x08000870   0x00000008   Code   RO         7668    .text               c_w.l(libspace.o)
    0x08000878   0x08000878   0x0000004a   Code   RO         7671    .text               c_w.l(sys_stackheap_outer.o)
    0x080008c2   0x080008c2   0x00000012   Code   RO         7710    .text               c_w.l(exit.o)
    0x080008d4   0x080008d4   0x00000054   Code   RO         1763    i.ADC_ConversionStop_Disable  stm32f1xx_hal_adc.o
    0x08000928   0x08000928   0x00000080   Code   RO         1767    i.ADC_Enable        stm32f1xx_hal_adc.o
    0x080009a8   0x080009a8   0x00000034   Code   RO          837    i.ADC_GetValue      adc.o
    0x080009dc   0x080009dc   0x00000048   Code   RO          838    i.ADCx_Init         adc.o
    0x08000a24   0x08000a24   0x00000050   Code   RO          955    i.BUMP_Init         bump.o
    0x08000a74   0x08000a74   0x00000002   Code   RO           13    i.BusFault_Handler  stm32f1xx_it.o
    0x08000a76   0x08000a76   0x00000002   Code   RO           14    i.DebugMon_Handler  stm32f1xx_it.o
    0x08000a78   0x08000a78   0x00000050   Code   RO          979    i.FAN_Init          fan.o
    0x08000ac8   0x08000ac8   0x000000a4   Code   RO         1165    i.Fan_Bump_LED_status  plantsystem.o
    0x08000b6c   0x08000b6c   0x0000001a   Code   RO         1003    i.Gui_DrawPoint     lcd.o
    0x08000b86   0x08000b86   0x00000002   PAD
    0x08000b88   0x08000b88   0x000000f4   Code   RO         1943    i.HAL_ADCEx_Calibration_Start  stm32f1xx_hal_adc_ex.o
    0x08000c7c   0x08000c7c   0x00000108   Code   RO         1769    i.HAL_ADC_ConfigChannel  stm32f1xx_hal_adc.o
    0x08000d84   0x08000d84   0x00000006   Code   RO         1776    i.HAL_ADC_GetValue  stm32f1xx_hal_adc.o
    0x08000d8a   0x08000d8a   0x00000002   PAD
    0x08000d8c   0x08000d8c   0x00000118   Code   RO         1778    i.HAL_ADC_Init      stm32f1xx_hal_adc.o
    0x08000ea4   0x08000ea4   0x00000002   Code   RO         1781    i.HAL_ADC_MspInit   stm32f1xx_hal_adc.o
    0x08000ea6   0x08000ea6   0x00000002   PAD
    0x08000ea8   0x08000ea8   0x0000014c   Code   RO         1782    i.HAL_ADC_PollForConversion  stm32f1xx_hal_adc.o
    0x08000ff4   0x08000ff4   0x000000d0   Code   RO         1784    i.HAL_ADC_Start     stm32f1xx_hal_adc.o
    0x080010c4   0x080010c4   0x00000046   Code   RO         2505    i.HAL_DMA_Abort     stm32f1xx_hal_dma.o
    0x0800110a   0x0800110a   0x00000002   PAD
    0x0800110c   0x0800110c   0x00000098   Code   RO         2506    i.HAL_DMA_Abort_IT  stm32f1xx_hal_dma.o
    0x080011a4   0x080011a4   0x00000006   Code   RO         1391    i.HAL_Delay         delay.o
    0x080011aa   0x080011aa   0x00000002   PAD
    0x080011ac   0x080011ac   0x000001f0   Code   RO         2901    i.HAL_GPIO_Init     stm32f1xx_hal_gpio.o
    0x0800139c   0x0800139c   0x0000000e   Code   RO         2903    i.HAL_GPIO_ReadPin  stm32f1xx_hal_gpio.o
    0x080013aa   0x080013aa   0x0000000e   Code   RO         2905    i.HAL_GPIO_WritePin  stm32f1xx_hal_gpio.o
    0x080013b8   0x080013b8   0x0000000c   Code   RO         1600    i.HAL_GetTick       stm32f1xx_hal.o
    0x080013c4   0x080013c4   0x00000010   Code   RO         1606    i.HAL_IncTick       stm32f1xx_hal.o
    0x080013d4   0x080013d4   0x00000024   Code   RO         1607    i.HAL_Init          stm32f1xx_hal.o
    0x080013f8   0x080013f8   0x00000044   Code   RO         1608    i.HAL_InitTick      stm32f1xx_hal.o
    0x0800143c   0x0800143c   0x00000002   Code   RO         1610    i.HAL_MspInit       stm32f1xx_hal.o
    0x0800143e   0x0800143e   0x0000001a   Code   RO         2293    i.HAL_NVIC_EnableIRQ  stm32f1xx_hal_cortex.o
    0x08001458   0x08001458   0x00000040   Code   RO         2299    i.HAL_NVIC_SetPriority  stm32f1xx_hal_cortex.o
    0x08001498   0x08001498   0x00000024   Code   RO         2300    i.HAL_NVIC_SetPriorityGrouping  stm32f1xx_hal_cortex.o
    0x080014bc   0x080014bc   0x000000a8   Code   RO         4411    i.HAL_RCCEx_GetPeriphCLKFreq  stm32f1xx_hal_rcc_ex.o
    0x08001564   0x08001564   0x00000154   Code   RO         4303    i.HAL_RCC_ClockConfig  stm32f1xx_hal_rcc.o
    0x080016b8   0x080016b8   0x0000000c   Code   RO         4308    i.HAL_RCC_GetHCLKFreq  stm32f1xx_hal_rcc.o
    0x080016c4   0x080016c4   0x00000020   Code   RO         4310    i.HAL_RCC_GetPCLK1Freq  stm32f1xx_hal_rcc.o
    0x080016e4   0x080016e4   0x00000020   Code   RO         4311    i.HAL_RCC_GetPCLK2Freq  stm32f1xx_hal_rcc.o
    0x08001704   0x08001704   0x0000004c   Code   RO         4312    i.HAL_RCC_GetSysClockFreq  stm32f1xx_hal_rcc.o
    0x08001750   0x08001750   0x00000384   Code   RO         4315    i.HAL_RCC_OscConfig  stm32f1xx_hal_rcc.o
    0x08001ad4   0x08001ad4   0x0000001c   Code   RO         2302    i.HAL_SYSTICK_CLKSourceConfig  stm32f1xx_hal_cortex.o
    0x08001af0   0x08001af0   0x00000028   Code   RO         2304    i.HAL_SYSTICK_Config  stm32f1xx_hal_cortex.o
    0x08001b18   0x08001b18   0x00000002   Code   RO         6347    i.HAL_UARTEx_RxEventCallback  stm32f1xx_hal_uart.o
    0x08001b1a   0x08001b1a   0x00000002   Code   RO         6361    i.HAL_UART_ErrorCallback  stm32f1xx_hal_uart.o
    0x08001b1c   0x08001b1c   0x00000230   Code   RO         6364    i.HAL_UART_IRQHandler  stm32f1xx_hal_uart.o
    0x08001d4c   0x08001d4c   0x00000066   Code   RO         6365    i.HAL_UART_Init     stm32f1xx_hal_uart.o
    0x08001db2   0x08001db2   0x00000002   PAD
    0x08001db4   0x08001db4   0x00000104   Code   RO         1511    i.HAL_UART_MspInit  usart.o
    0x08001eb8   0x08001eb8   0x0000001c   Code   RO         6370    i.HAL_UART_Receive_IT  stm32f1xx_hal_uart.o
    0x08001ed4   0x08001ed4   0x0000005c   Code   RO         1512    i.HAL_UART_RxCpltCallback  usart.o
    0x08001f30   0x08001f30   0x000000a4   Code   RO         6373    i.HAL_UART_Transmit  stm32f1xx_hal_uart.o
    0x08001fd4   0x08001fd4   0x00000002   Code   RO         6376    i.HAL_UART_TxCpltCallback  stm32f1xx_hal_uart.o
    0x08001fd6   0x08001fd6   0x00000002   Code   RO           15    i.HardFault_Handler  stm32f1xx_it.o
    0x08001fd8   0x08001fd8   0x0000003c   Code   RO          764    i.KEY_Init          key.o
    0x08002014   0x08002014   0x00000048   Code   RO          765    i.KEY_Scan          key.o
    0x0800205c   0x0800205c   0x0000005c   Code   RO         1004    i.LCD_GPIO_Init     lcd.o
    0x080020b8   0x080020b8   0x00000060   Code   RO          292    i.LCD_ShowBootStatus  main.o
    0x08002118   0x08002118   0x0000005c   Code   RO         1005    i.LCD_ShowChar      lcd.o
    0x08002174   0x08002174   0x000000b8   Code   RO         1166    i.LCD_ShowDHT11Data  plantsystem.o
    0x0800222c   0x0800222c   0x0000003a   Code   RO         1006    i.LCD_ShowString    lcd.o
    0x08002266   0x08002266   0x00000034   Code   RO         1007    i.LCD_Show_Chinese_String  lcd.o
    0x0800229a   0x0800229a   0x00000034   Code   RO         1008    i.LCD_Show_Chinese_String2  lcd.o
    0x080022ce   0x080022ce   0x00000034   Code   RO         1009    i.LCD_Show_Chinese_String3  lcd.o
    0x08002302   0x08002302   0x00000002   PAD
    0x08002304   0x08002304   0x00000124   Code   RO         1167    i.LCD_Show_Page1    plantsystem.o
    0x08002428   0x08002428   0x00000324   Code   RO         1168    i.LCD_Show_Page2    plantsystem.o
    0x0800274c   0x0800274c   0x000001a0   Code   RO         1169    i.LCD_Show_Page3    plantsystem.o
    0x080028ec   0x080028ec   0x00000094   Code   RO         1010    i.LCD_Show_Single_Chinese  lcd.o
    0x08002980   0x08002980   0x00000094   Code   RO         1011    i.LCD_Show_Single_Chinese2  lcd.o
    0x08002a14   0x08002a14   0x00000094   Code   RO         1012    i.LCD_Show_Single_Chinese3  lcd.o
    0x08002aa8   0x08002aa8   0x0000003c   Code   RO         1013    i.LCD_WriteData_16Bit  lcd.o
    0x08002ae4   0x08002ae4   0x00000006   Code   RO          877    i.LDR_ADC_Read      ldr.o
    0x08002aea   0x08002aea   0x00000024   Code   RO          878    i.LDR_GetData       ldr.o
    0x08002b0e   0x08002b0e   0x00000002   PAD
    0x08002b10   0x08002b10   0x0000003c   Code   RO          879    i.LDR_Init          ldr.o
    0x08002b4c   0x08002b4c   0x0000006c   Code   RO          880    i.LDR_LuxData       ldr.o
    0x08002bb8   0x08002bb8   0x00000032   Code   RO         1014    i.Lcd_Clear         lcd.o
    0x08002bea   0x08002bea   0x00000002   PAD
    0x08002bec   0x08002bec   0x0000023c   Code   RO         1016    i.Lcd_Init          lcd.o
    0x08002e28   0x08002e28   0x0000002c   Code   RO         1018    i.Lcd_Reset         lcd.o
    0x08002e54   0x08002e54   0x00000052   Code   RO         1019    i.Lcd_SetRegion     lcd.o
    0x08002ea6   0x08002ea6   0x00000002   PAD
    0x08002ea8   0x08002ea8   0x00000038   Code   RO         1021    i.Lcd_WriteCmd      lcd.o
    0x08002ee0   0x08002ee0   0x00000038   Code   RO         1022    i.Lcd_WriteData     lcd.o
    0x08002f18   0x08002f18   0x0000002a   Code   RO          293    i.MQTT_PollForMs    main.o
    0x08002f42   0x08002f42   0x00000002   PAD
    0x08002f44   0x08002f44   0x00000040   Code   RO          294    i.MQTT_ProcessIncoming  main.o
    0x08002f84   0x08002f84   0x000000d8   Code   RO          295    i.MQTT_PublishPlantData  main.o
    0x0800305c   0x0800305c   0x00000002   Code   RO           16    i.MemManage_Handler  stm32f1xx_it.o
    0x0800305e   0x0800305e   0x00000002   Code   RO           17    i.NMI_Handler       stm32f1xx_it.o
    0x08003060   0x08003060   0x00000002   Code   RO           18    i.PendSV_Handler    stm32f1xx_it.o
    0x08003062   0x08003062   0x00000002   PAD
    0x08003064   0x08003064   0x00000018   Code   RO         1170    i.PlantSystem_GetBumpState  plantsystem.o
    0x0800307c   0x0800307c   0x00000018   Code   RO         1171    i.PlantSystem_GetFanState  plantsystem.o
    0x08003094   0x08003094   0x00000018   Code   RO         1172    i.PlantSystem_GetLedState  plantsystem.o
    0x080030ac   0x080030ac   0x0000000c   Code   RO         1173    i.PlantSystem_GetLightIntensity  plantsystem.o
    0x080030b8   0x080030b8   0x0000000c   Code   RO         1174    i.PlantSystem_GetSoilHumidity  plantsystem.o
    0x080030c4   0x080030c4   0x00000108   Code   RO         1175    i.PlantSystem_HandleCloudPayload  plantsystem.o
    0x080031cc   0x080031cc   0x00000014   Code   RO         1176    i.PlantSystem_IsAutoMode  plantsystem.o
    0x080031e0   0x080031e0   0x00000030   Code   RO         1177    i.PlantSystem_UpdateSensors  plantsystem.o
    0x08003210   0x08003210   0x00000024   Code   RO         4316    i.RCC_Delay         stm32f1xx_hal_rcc.o
    0x08003234   0x08003234   0x00000048   Code   RO         1025    i.SPI_WriteData     lcd.o
    0x0800327c   0x0800327c   0x00000002   Code   RO           19    i.SVC_Handler       stm32f1xx_it.o
    0x0800327e   0x0800327e   0x00000004   Code   RO           20    i.SysTick_Handler   stm32f1xx_it.o
    0x08003282   0x08003282   0x00000002   Code   RO          255    i.SystemInit        system_stm32f1xx.o
    0x08003284   0x08003284   0x00000006   Code   RO          919    i.TS_ADC_Read       ts.o
    0x0800328a   0x0800328a   0x00000002   PAD
    0x0800328c   0x0800328c   0x00000040   Code   RO          920    i.TS_GetData        ts.o
    0x080032cc   0x080032cc   0x0000003c   Code   RO          921    i.TS_Init           ts.o
    0x08003308   0x08003308   0x00000010   Code   RO         6378    i.UART_DMAAbortOnError  stm32f1xx_hal_uart.o
    0x08003318   0x08003318   0x0000004e   Code   RO         6388    i.UART_EndRxTransfer  stm32f1xx_hal_uart.o
    0x08003366   0x08003366   0x0000001a   Code   RO         6389    i.UART_EndTransmit_IT  stm32f1xx_hal_uart.o
    0x08003380   0x08003380   0x000000c8   Code   RO         6391    i.UART_Receive_IT   stm32f1xx_hal_uart.o
    0x08003448   0x08003448   0x000000b8   Code   RO         6392    i.UART_SetConfig    stm32f1xx_hal_uart.o
    0x08003500   0x08003500   0x00000038   Code   RO         6394    i.UART_Start_Receive_IT  stm32f1xx_hal_uart.o
    0x08003538   0x08003538   0x0000005e   Code   RO         6395    i.UART_Transmit_IT  stm32f1xx_hal_uart.o
    0x08003596   0x08003596   0x00000074   Code   RO         6396    i.UART_WaitOnFlagUntilTimeout  stm32f1xx_hal_uart.o
    0x0800360a   0x0800360a   0x00000002   PAD
    0x0800360c   0x0800360c   0x00000020   Code   RO         1513    i.USART1_IRQHandler  usart.o
    0x0800362c   0x0800362c   0x00000034   Code   RO          505    i.USART2_IRQHandler  esp8266.o
    0x08003660   0x08003660   0x00000002   Code   RO           21    i.UsageFault_Handler  stm32f1xx_it.o
    0x08003662   0x08003662   0x00000028   Code   RO         7610    i.__ARM_fpclassify  m_ws.l(fpclassify.o)
    0x0800368a   0x0800368a   0x00000020   Code   RO         2306    i.__NVIC_SetPriority  stm32f1xx_hal_cortex.o
    0x080036aa   0x080036aa   0x000000aa   Code   RO         7612    i.__kernel_poly     m_ws.l(poly.o)
    0x08003754   0x08003754   0x00000010   Code   RO         7596    i.__mathlib_dbl_divzero  m_ws.l(dunder.o)
    0x08003764   0x08003764   0x00000004   Code   RO         7598    i.__mathlib_dbl_infnan2  m_ws.l(dunder.o)
    0x08003768   0x08003768   0x0000000c   Code   RO         7599    i.__mathlib_dbl_invalid  m_ws.l(dunder.o)
    0x08003774   0x08003774   0x0000000e   Code   RO         7600    i.__mathlib_dbl_overflow  m_ws.l(dunder.o)
    0x08003782   0x08003782   0x00000002   PAD
    0x08003784   0x08003784   0x00000010   Code   RO         7602    i.__mathlib_dbl_underflow  m_ws.l(dunder.o)
    0x08003794   0x08003794   0x0000000e   Code   RO         7406    i._is_digit         c_w.l(__printf_wp.o)
    0x080037a2   0x080037a2   0x00000002   Code   RO         1515    i._sys_exit         usart.o
    0x080037a4   0x080037a4   0x00000020   Code   RO         1392    i.delay_init        delay.o
    0x080037c4   0x080037c4   0x0000003c   Code   RO         1393    i.delay_ms          delay.o
    0x08003800   0x08003800   0x00000034   Code   RO         1394    i.delay_us          delay.o
    0x08003834   0x08003834   0x00000038   Code   RO          701    i.dht11_gpio_input  dht11.o
    0x0800386c   0x0800386c   0x00000038   Code   RO          702    i.dht11_gpio_output  dht11.o
    0x080038a4   0x080038a4   0x0000003c   Code   RO          703    i.dht11_read        dht11.o
    0x080038e0   0x080038e0   0x00000060   Code   RO          704    i.dht11_read_byte   dht11.o
    0x08003940   0x08003940   0x00000064   Code   RO          705    i.dht11_start       dht11.o
    0x080039a4   0x080039a4   0x00000038   Code   RO          706    i.dht11_wait_level  dht11.o
    0x080039dc   0x080039dc   0x00000038   Code   RO          707    i.dht11_wait_level_change  dht11.o
    0x08003a14   0x08003a14   0x00000014   Code   RO          506    i.esp8266_at_test   esp8266.o
    0x08003a28   0x08003a28   0x00000020   Code   RO          508    i.esp8266_clear     esp8266.o
    0x08003a48   0x08003a48   0x00000040   Code   RO          509    i.esp8266_connect_tcp_server  esp8266.o
    0x08003a88   0x08003a88   0x00000028   Code   RO          510    i.esp8266_copy_rxdata  esp8266.o
    0x08003ab0   0x08003ab0   0x0000001c   Code   RO          511    i.esp8266_disconnect_tcp_server  esp8266.o
    0x08003acc   0x08003acc   0x00000054   Code   RO          512    i.esp8266_enter_unvarnished  esp8266.o
    0x08003b20   0x08003b20   0x00000010   Code   RO          513    i.esp8266_exit_unvarnished  esp8266.o
    0x08003b30   0x08003b30   0x00000058   Code   RO          514    i.esp8266_get_ip    esp8266.o
    0x08003b88   0x08003b88   0x0000029c   Code   RO          515    i.esp8266_init      esp8266.o
    0x08003e24   0x08003e24   0x00000040   Code   RO          516    i.esp8266_join_ap   esp8266.o
    0x08003e64   0x08003e64   0x0000004c   Code   RO          520    i.esp8266_send_command  esp8266.o
    0x08003eb0   0x08003eb0   0x00000020   Code   RO          521    i.esp8266_send_data  esp8266.o
    0x08003ed0   0x08003ed0   0x0000005c   Code   RO          523    i.esp8266_set_mode  esp8266.o
    0x08003f2c   0x08003f2c   0x0000001c   Code   RO          524    i.esp8266_single_connection  esp8266.o
    0x08003f48   0x08003f48   0x00000018   Code   RO          525    i.esp8266_sw_reset  esp8266.o
    0x08003f60   0x08003f60   0x00000028   Code   RO          526    i.esp8266_uart_init  esp8266.o
    0x08003f88   0x08003f88   0x00000024   Code   RO          528    i.esp8266_wait_receive  esp8266.o
    0x08003fac   0x08003fac   0x00000018   Code   RO         1517    i.fputc             usart.o
    0x08003fc4   0x08003fc4   0x000000a8   Code   RO         1178    i.json_get_bool     plantsystem.o
    0x0800406c   0x0800406c   0x00000064   Code   RO         1179    i.json_get_id       plantsystem.o
    0x080040d0   0x080040d0   0x00000010   Code   RO          795    i.led1_off          led.o
    0x080040e0   0x080040e0   0x00000010   Code   RO          796    i.led1_on           led.o
    0x080040f0   0x080040f0   0x00000040   Code   RO          798    i.led_init          led.o
    0x08004130   0x08004130   0x000002a0   Code   RO          296    i.main              main.o
    0x080043d0   0x080043d0   0x000001cc   Code   RO         1284    i.mqtt_connect      onenet.o
    0x0800459c   0x0800459c   0x0000000c   Code   RO         1285    i.mqtt_disconnect   onenet.o
    0x080045a8   0x080045a8   0x0000008c   Code   RO         1286    i.mqtt_init         onenet.o
    0x08004634   0x08004634   0x0000004c   Code   RO         1287    i.mqtt_login_init   onenet.o
    0x08004680   0x08004680   0x000000d4   Code   RO         1288    i.mqtt_publish_data  onenet.o
    0x08004754   0x08004754   0x000000c0   Code   RO         1289    i.mqtt_receive_handle  onenet.o
    0x08004814   0x08004814   0x00000004   Code   RO         1290    i.mqtt_send_data    onenet.o
    0x08004818   0x08004818   0x0000000c   Code   RO         1291    i.mqtt_send_heart   onenet.o
    0x08004824   0x08004824   0x000000b0   Code   RO         1292    i.mqtt_send_response  onenet.o
    0x080048d4   0x080048d4   0x0000011c   Code   RO         1293    i.mqtt_subscribe_topic  onenet.o
    0x080049f0   0x080049f0   0x000009d8   Code   RO         7473    i.pow               m_ws.l(pow.o)
    0x080053c8   0x080053c8   0x0000004c   Code   RO         7616    i.sqrt              m_ws.l(sqrt.o)
    0x08005414   0x08005414   0x00000056   Code   RO         1444    i.sys_stm32_clock_init  sys.o
    0x0800546a   0x0800546a   0x00000002   PAD
    0x0800546c   0x0800546c   0x000001b0   Code   RO         1180    i.uart_printf       plantsystem.o
    0x0800561c   0x0800561c   0x00000038   Code   RO         1518    i.usart_init        usart.o
    0x08005654   0x08005654   0x00000150   Code   RO         7555    x$fpl$dadd          fz_ws.l(daddsub_clz.o)
    0x080057a4   0x080057a4   0x00000010   Code   RO         7660    x$fpl$dcheck1       fz_ws.l(dcheck1.o)
    0x080057b4   0x080057b4   0x00000018   Code   RO         7718    x$fpl$dcmpinf       fz_ws.l(dcmpi.o)
    0x080057cc   0x080057cc   0x000002b0   Code   RO         7562    x$fpl$ddiv          fz_ws.l(ddiv.o)
    0x08005a7c   0x08005a7c   0x0000005a   Code   RO         7438    x$fpl$dfixu         fz_ws.l(dfixu.o)
    0x08005ad6   0x08005ad6   0x0000002e   Code   RO         7566    x$fpl$dflt          fz_ws.l(dflt_clz.o)
    0x08005b04   0x08005b04   0x00000078   Code   RO         7662    x$fpl$dleqf         fz_ws.l(dleqf.o)
    0x08005b7c   0x08005b7c   0x00000154   Code   RO         7442    x$fpl$dmul          fz_ws.l(dmul.o)
    0x08005cd0   0x08005cd0   0x0000009c   Code   RO         7571    x$fpl$dnaninf       fz_ws.l(dnaninf.o)
    0x08005d6c   0x08005d6c   0x0000000c   Code   RO         7573    x$fpl$dretinf       fz_ws.l(dretinf.o)
    0x08005d78   0x08005d78   0x0000006c   Code   RO         7575    x$fpl$drleqf        fz_ws.l(drleqf.o)
    0x08005de4   0x08005de4   0x00000016   Code   RO         7556    x$fpl$drsb          fz_ws.l(daddsub_clz.o)
    0x08005dfa   0x08005dfa   0x00000002   PAD
    0x08005dfc   0x08005dfc   0x000001cc   Code   RO         7664    x$fpl$dsqrt         fz_ws.l(dsqrt_noumaal.o)
    0x08005fc8   0x08005fc8   0x000001d4   Code   RO         7557    x$fpl$dsub          fz_ws.l(daddsub_clz.o)
    0x0800619c   0x0800619c   0x00000056   Code   RO         7444    x$fpl$f2d           fz_ws.l(f2d.o)
    0x080061f2   0x080061f2   0x00000002   PAD
    0x080061f4   0x080061f4   0x000000c4   Code   RO         7446    x$fpl$fadd          fz_ws.l(faddsub_clz.o)
    0x080062b8   0x080062b8   0x0000000c   Code   RO         7577    x$fpl$fcheck1       fz_ws.l(fcheck1.o)
    0x080062c4   0x080062c4   0x00000018   Code   RO         7579    x$fpl$fcmpinf       fz_ws.l(fcmpi.o)
    0x080062dc   0x080062dc   0x00000184   Code   RO         7453    x$fpl$fdiv          fz_ws.l(fdiv.o)
    0x08006460   0x08006460   0x0000003e   Code   RO         7456    x$fpl$ffixu         fz_ws.l(ffixu.o)
    0x0800649e   0x0800649e   0x00000002   PAD
    0x080064a0   0x080064a0   0x00000026   Code   RO         7460    x$fpl$ffltu         fz_ws.l(fflt_clz.o)
    0x080064c6   0x080064c6   0x00000002   PAD
    0x080064c8   0x080064c8   0x00000068   Code   RO         7466    x$fpl$fleqf         fz_ws.l(fleqf.o)
    0x08006530   0x08006530   0x00000102   Code   RO         7468    x$fpl$fmul          fz_ws.l(fmul.o)
    0x08006632   0x08006632   0x0000008c   Code   RO         7581    x$fpl$fnaninf       fz_ws.l(fnaninf.o)
    0x080066be   0x080066be   0x0000000a   Code   RO         7583    x$fpl$fretinf       fz_ws.l(fretinf.o)
    0x080066c8   0x080066c8   0x00000014   Code   RO         7447    x$fpl$frsb          fz_ws.l(faddsub_clz.o)
    0x080066dc   0x080066dc   0x000000ea   Code   RO         7448    x$fpl$fsub          fz_ws.l(faddsub_clz.o)
    0x080067c6   0x080067c6   0x00000064   Code   RO         7666    x$fpl$retnan        fz_ws.l(retnan.o)
    0x0800682a   0x0800682a   0x0000005c   Code   RO         7593    x$fpl$scalbn        fz_ws.l(scalbn.o)
    0x08006886   0x08006886   0x0000004c   Code   RO         7470    x$fpl$scalbnf       fz_ws.l(scalbnf.o)
    0x080068d2   0x080068d2   0x00000030   Code   RO         7722    x$fpl$trapveneer    fz_ws.l(trapv.o)
    0x08006902   0x08006902   0x00000000   Code   RO         7595    x$fpl$usenofp       fz_ws.l(usenofp.o)
    0x08006902   0x08006902   0x00000010   Data   RO          256    .constdata          system_stm32f1xx.o
    0x08006912   0x08006912   0x00000008   Data   RO          257    .constdata          system_stm32f1xx.o
    0x0800691a   0x0800691a   0x00000c20   Data   RO         1026    .constdata          lcd.o
    0x0800753a   0x0800753a   0x00000004   Data   RO         1296    .constdata          onenet.o
    0x0800753e   0x0800753e   0x00000012   Data   RO         4317    .constdata          stm32f1xx_hal_rcc.o
    0x08007550   0x08007550   0x00000012   Data   RO         4413    .constdata          stm32f1xx_hal_rcc_ex.o
    0x08007562   0x08007562   0x00000011   Data   RO         7414    .constdata          c_w.l(__printf_flags_ss_wp.o)
    0x08007573   0x08007573   0x00000005   PAD
    0x08007578   0x08007578   0x00000088   Data   RO         7474    .constdata          m_ws.l(pow.o)
    0x08007600   0x08007600   0x00000008   Data   RO         7614    .constdata          m_ws.l(qnan.o)
    0x08007608   0x08007608   0x000000f7   Data   RO          298    .conststring        main.o
    0x080076ff   0x080076ff   0x00000001   PAD
    0x08007700   0x08007700   0x0000004c   Data   RO          531    .conststring        esp8266.o
    0x0800774c   0x0800774c   0x00000051   Data   RO         1299    .conststring        onenet.o
    0x0800779d   0x0800779d   0x00000003   PAD
    0x080077a0   0x080077a0   0x00000020   Data   RO         7846    Region$$Table       anon$$obj.o


    Execution Region RW_IRAM1 (Exec base: 0x20000000, Load base: 0x080077c0, Size: 0x00001810, Max: 0x00005000, ABSOLUTE)

    Exec Addr    Load Addr    Size         Type   Attr      Idx    E Section Name        Object

    0x20000000   0x080077c0   0x00000004   Data   RW          258    .data               system_stm32f1xx.o
    0x20000004   0x080077c4   0x00000004   Data   RW          299    .data               main.o
    0x20000008   0x080077c8   0x00000004   Data   RW          532    .data               esp8266.o
    0x2000000c   0x080077cc   0x00000005   Data   RW          708    .data               dht11.o
    0x20000011   0x080077d1   0x00000001   Data   RW          766    .data               key.o
    0x20000012   0x080077d2   0x00000002   PAD
    0x20000014   0x080077d4   0x00000014   Data   RW         1181    .data               plantsystem.o
    0x20000028   0x080077e8   0x00000010   Data   RW         1300    .data               onenet.o
    0x20000038   0x080077f8   0x00000002   Data   RW         1395    .data               delay.o
    0x2000003a   0x080077fa   0x00000004   Data   RW         1520    .data               usart.o
    0x2000003e   0x080077fe   0x00000002   PAD
    0x20000040   0x08007800   0x00000004   Data   RW         1521    .data               usart.o
    0x20000044   0x08007804   0x0000000c   Data   RW         1614    .data               stm32f1xx_hal.o
    0x20000050        -       0x00000804   Zero   RW          297    .bss                main.o
    0x20000854        -       0x00000288   Zero   RW          530    .bss                esp8266.o
    0x20000adc        -       0x00000030   Zero   RW          839    .bss                adc.o
    0x20000b0c        -       0x00000590   Zero   RW         1294    .bss                onenet.o
    0x2000109c        -       0x00000110   Zero   RW         1519    .bss                usart.o
    0x200011ac        -       0x00000060   Zero   RW         7669    .bss                c_w.l(libspace.o)
    0x2000120c   0x08007810   0x00000004   PAD
    0x20001210        -       0x00000200   Zero   RW            2    HEAP                startup_stm32f103xb.o
    0x20001410        -       0x00000400   Zero   RW            1    STACK               startup_stm32f103xb.o


==============================================================================

Image component sizes


      Code (inc. data)   RO Data    RW Data    ZI Data      Debug   Object Name

       124         18          0          0         48       1586   adc.o
        80          8          0          0          0        876   bump.o
       150         18          0          2          0       2395   delay.o
       480         44          0          5          0       4965   dht11.o
      1484        734         76          4        648      11365   esp8266.o
        80          8          0          0          0        859   fan.o
       132         20          0          1          0       1522   key.o
      1860         70       3104          0          0      13771   lcd.o
       210         28          0          0          0       2538   ldr.o
        96         18          0          0          0       1728   led.o
      1090        448        247          4       2052       7383   main.o
      1568        232         85         16       1424      10116   onenet.o
      2988        646          0         20          0      12264   plantsystem.o
        64         26        236          0       1536        936   startup_stm32f103xb.o
       134         24          0         12          0       5811   stm32f1xx_hal.o
      1304         52          0          0          0       7070   stm32f1xx_hal_adc.o
       244          6          0          0          0       1506   stm32f1xx_hal_adc_ex.o
       226         14          0          0          0      29677   stm32f1xx_hal_cortex.o
       222          4          0          0          0       1763   stm32f1xx_hal_dma.o
       524         32          0          0          0       3491   stm32f1xx_hal_gpio.o
      1428         90         18          0          0       6636   stm32f1xx_hal_rcc.o
       168         16         18          0          0       1569   stm32f1xx_hal_rcc_ex.o
      1630         12          0          0          0      12184   stm32f1xx_hal_uart.o
        20          0          0          0          0     418514   stm32f1xx_it.o
        86          0          0          0          0        711   sys.o
         2          0         24          4          0       1343   system_stm32f1xx.o
       130         16          0          0          0       1889   ts.o
       466         54          0          8        272       5705   usart.o

    ----------------------------------------------------------------------
     17020       2638       3844         80       5980     570173   Object Totals
         0          0         32          0          0          0   (incl. Generated)
        30          0          4          4          0          0   (incl. Padding)

    ----------------------------------------------------------------------

      Code (inc. data)   RO Data    RW Data    ZI Data      Debug   Library Member Name

        24          4          0          0          0         84   __2printf.o
        56          6          0          0          0         88   __2snprintf.o
        44          6          0          0          0         84   __2sprintf.o
         8          0          0          0          0         68   __main.o
       392          4         17          0          0         92   __printf_flags_ss_wp.o
        14          0          0          0          0         68   __printf_wp.o
         0          0          0          0          0          0   __rtentry.o
        12          0          0          0          0          0   __rtentry2.o
         6          0          0          0          0          0   __rtentry4.o
        52          8          0          0          0          0   __scatter.o
        26          0          0          0          0          0   __scatter_copy.o
        28          0          0          0          0          0   __scatter_zi.o
        44          0          0          0          0        108   _printf_char.o
        48          6          0          0          0         96   _printf_char_common.o
        36          4          0          0          0         80   _printf_char_file.o
         6          0          0          0          0          0   _printf_d.o
       120         16          0          0          0         92   _printf_dec.o
       178          0          0          0          0         88   _printf_intcommon.o
        78          0          0          0          0        108   _printf_pad.o
         0          0          0          0          0          0   _printf_percent.o
         4          0          0          0          0          0   _printf_percent_end.o
         6          0          0          0          0          0   _printf_s.o
        82          0          0          0          0         80   _printf_str.o
         6          0          0          0          0          0   _printf_u.o
        22          0          0          0          0        100   _rserrno.o
        16          0          0          0          0         68   _snputc.o
        10          0          0          0          0         68   _sputc.o
        18          0          0          0          0         80   exit.o
         8          0          0          0          0         68   ferror.o
         6          0          0          0          0        152   heapauxi.o
         2          0          0          0          0          0   libinit.o
         2          0          0          0          0          0   libinit2.o
         2          0          0          0          0          0   libshutdown.o
         2          0          0          0          0          0   libshutdown2.o
         8          4          0          0         96         68   libspace.o
         8          4          0          0          0         68   rt_errno_addr_intlibspace.o
        68          0          0          0          0         68   rt_memclr.o
        78          0          0          0          0         80   rt_memclr_w.o
       138          0          0          0          0         68   rt_memcpy_v6.o
       100          0          0          0          0         80   rt_memcpy_w.o
         2          0          0          0          0          0   rtexit.o
        10          0          0          0          0          0   rtexit2.o
        20          0          0          0          0         68   strchr.o
        62          0          0          0          0         76   strlen.o
        36          0          0          0          0         80   strstr.o
        74          0          0          0          0         80   sys_stackheap_outer.o
         2          0          0          0          0         68   use_no_semi.o
         2          0          0          0          0         68   use_no_semi_2.o
       826         16          0          0          0        348   daddsub_clz.o
        16          4          0          0          0         68   dcheck1.o
        24          0          0          0          0         68   dcmpi.o
       688        140          0          0          0        208   ddiv.o
        90          4          0          0          0         92   dfixu.o
        46          0          0          0          0         68   dflt_clz.o
       120          4          0          0          0         92   dleqf.o
       340         12          0          0          0        104   dmul.o
       156          4          0          0          0         92   dnaninf.o
        12          0          0          0          0         68   dretinf.o
       108          0          0          0          0         80   drleqf.o
       460         56          0          0          0        120   dsqrt_noumaal.o
        86          4          0          0          0         84   f2d.o
       450          8          0          0          0        236   faddsub_clz.o
        12          4          0          0          0         68   fcheck1.o
        24          0          0          0          0         68   fcmpi.o
       388         76          0          0          0         96   fdiv.o
        62          4          0          0          0         84   ffixu.o
        38          0          0          0          0         68   fflt_clz.o
       104          4          0          0          0         84   fleqf.o
       258          4          0          0          0         84   fmul.o
       140          4          0          0          0         84   fnaninf.o
        10          0          0          0          0         68   fretinf.o
       100          0          0          0          0         68   retnan.o
        92          0          0          0          0         68   scalbn.o
        76          0          0          0          0         68   scalbnf.o
        48          0          0          0          0         68   trapv.o
         0          0          0          0          0          0   usenofp.o
        62         10          0          0          0        340   dunder.o
        40          0          0          0          0         68   fpclassify.o
       170          0          0          0          0         96   poly.o
      2520        190        136          0          0        324   pow.o
         0          0          8          0          0          0   qnan.o
        76          0          0          0          0         84   sqrt.o

    ----------------------------------------------------------------------
      9626        610        166          0        100       6160   Library Totals
        18          0          5          0          4          0   (incl. Padding)

    ----------------------------------------------------------------------

      Code (inc. data)   RO Data    RW Data    ZI Data      Debug   Library Name

      1966         62         17          0         96       2544   c_w.l
      4774        348          0          0          0       2704   fz_ws.l
      2868        200        144          0          0        912   m_ws.l

    ----------------------------------------------------------------------
      9626        610        166          0        100       6160   Library Totals

    ----------------------------------------------------------------------

==============================================================================


      Code (inc. data)   RO Data    RW Data    ZI Data      Debug   

     26646       3248       4010         80       6080     564837   Grand Totals
     26646       3248       4010         80       6080     564837   ELF Image Totals
     26646       3248       4010         80          0          0   ROM Totals

==============================================================================

    Total RO  Size (Code + RO Data)                30656 (  29.94kB)
    Total RW  Size (RW Data + ZI Data)              6160 (   6.02kB)
    Total ROM Size (Code + RO Data + RW Data)      30736 (  30.02kB)

==============================================================================

